✔ 角色表（G-D2-0 ①）：四个角色齐备且 enforcement 全为 contract（无内核级角色） (1.0054ms)
✔ truth_vault 表形状 = 任务书六列，prediction_id 为主键 (0.1424ms)
✔ predictions_public（G-D2-0 ②）：列集不含真值列，且不透传 evidence_json / truth_preview (0.466ms)
✔ D-8.1 入账：layer=unknown 可写入 predictions；非法层 L7 与 secondary=unknown 仍被拒 (1.2009ms)
✔ truth_vault 对账一致：全量镜像后 missing=0 / orphan=0 / 真值列 diff=0 (0.9206ms)
✔ 视图在临时库可读，且 intake 侧只含接题通过题 (90.2883ms)
✔ g2-report 护栏：--include-intake 默认关，且开关不改变 G2 主读数 (182.9736ms)
✔ 拒收门 Q0-1：无真值锚 → rejected reason=no_anchor，落 intake_rejects (87.7569ms)
✔ 拒收门 Q0-2：cutoff 不早于决定性时点 → rejected reason=leak，落 intake_rejects (2.8612ms)
✔ 拒收门 Q0-3：结果恒定（重言式）→ rejected reason=tautology，落 intake_rejects (0.9046ms)
✔ GET /api/intake/rejects：三类拒收各 ≥1，枚举原因含 0 计数（分布可见） (0.836ms)
✔ unknown 出口（R1-F13）：五层皆非全绿且无层可归 → layer=unknown（非拒收） (1.2248ms)
✔ unknown 出口：L3 第 2 问答「未知」→ 该层非全绿，不得归 L3（降级落 unknown） (0.8367ms)
✔ 决策树首命中取最特殊层：L5 与 L6 皆全绿 → 归 L5 (1.0244ms)
✖ 分层引擎位映射：L1/L2/L3/L5/L6/unknown 各自 engine + calibrator 正确 (1.8235ms)
✔ L4 后置叠加（R1-F1）：L2 全绿 + L4 全绿 → primary=L2, secondary=L4（L4 不作 primary） (1.2112ms)
✔ L4 后置叠加：五层皆非全绿但 L4 全绿 → layer=unknown, secondary=L4（人决策弱自反题有归处） (0.6992ms)
✔ L4 不可作 primary：decided_layer=L4 → 400（R1-F1 语义护栏） (0.8409ms)
✔ decided_layer 人工定层：与机判并存，返回 computed_layer 供对账 (0.5877ms)
✔ 输入校验 400：缺 statement / 缺 checklist / 缺树层 / 长度错 / 非法三态 / 非法 secondary (1.2743ms)
✔ 字符串三态可用：yes/no/unknown 归一（过门 + 全绿判定） (0.5655ms)
✔ intakeStore：ensure 幂等建表；insertReject 非法 reason 抛错；不存在 id → null (1.1392ms)
✔ intakeStore additive 迁移：旧库无 intake_rejects → ensure 建表，旧数据不动 (0.535ms)
✔ D-8.2：classify 通过 → 落 intake_questions（题面/resolve_spec/layer/engine/gate/checklist_hash） (0.8531ms)
✔ D-8.1：unknown 落 intake_questions，但**不**进 predictions（layer CHECK 未放开） (0.7004ms)
✔ D-8.1：predictions_r4 视图形状 = predictions ∪ intake_questions（origin 区分，只读） (3.8484ms)
ℹ tests 26
ℹ suites 0
ℹ pass 25
ℹ fail 1
ℹ cancelled 0
ℹ skipped 0
ℹ todo 0
ℹ duration_ms 638.915

✖ failing tests:

test at test\intake.test.cjs:125:1
✖ 分层引擎位映射：L1/L2/L3/L5/L6/unknown 各自 engine + calibrator 正确 (1.8235ms)
  AssertionError [ERR_ASSERTION]: 本轮不建引擎
      at TestContext.<anonymous> (E:\music player\p1b\test\intake.test.cjs:139:12)
      at process.processTicksAndRejections (node:internal/process/task_queues:104:5)
      at async Test.run (node:internal/test_runner/test:1389:7)
      at async Test.processPendingSubtests (node:internal/test_runner/test:960:7) {
    generatedMessage: false,
    code: 'ERR_ASSERTION',
    actual: true,
    expected: false,
    operator: '==',
    diff: 'simple'
  }
