MODE=DRY-RUN
[DIFF] game=8 key=win prediction_id=1 现值=[] 新值=[38]
[DIFF] game=8 key=peace prediction_id=2 现值=[] 新值=[30]
[DIFF] game=8 key=votes prediction_id=3 现值=[] 新值=[37]
[DIFF] game=9 key=win prediction_id=4 现值=[] 新值=[48]
[DIFF] game=9 key=peace prediction_id=5 现值=[] 新值=[40]
[DIFF] game=9 key=votes prediction_id=6 现值=[] 新值=[47]
[DIFF] game=10 key=win prediction_id=7 现值=[] 新值=[58]
[DIFF] game=10 key=peace prediction_id=8 现值=[] 新值=[50]
[DIFF] game=10 key=votes prediction_id=9 现值=[] 新值=[57]
[DIFF] game=11 key=win prediction_id=10 现值=[] 新值=[68]
[DIFF] game=11 key=peace prediction_id=11 现值=[] 新值=[60]
[DIFF] game=11 key=votes prediction_id=12 现值=[] 新值=[67]
[DIFF] game=12 key=win prediction_id=13 现值=[] 新值=[78]
[DIFF] game=12 key=peace prediction_id=14 现值=[] 新值=[70]
[DIFF] game=12 key=votes prediction_id=15 现值=[] 新值=[77]
[DIFF] game=13 key=win prediction_id=16 现值=[] 新值=[88]
[DIFF] game=13 key=peace prediction_id=17 现值=[] 新值=[80]
[DIFF] game=13 key=votes prediction_id=18 现值=[] 新值=[87]
[DIFF] game=14 key=win prediction_id=19 现值=[] 新值=[98]
[DIFF] game=14 key=peace prediction_id=20 现值=[] 新值=[90]
[DIFF] game=14 key=votes prediction_id=21 现值=[] 新值=[97]
[DIFF] game=15 key=win prediction_id=22 现值=[] 新值=[108]
[DIFF] game=15 key=peace prediction_id=23 现值=[] 新值=[100]
[DIFF] game=15 key=votes prediction_id=24 现值=[] 新值=[107]
[DIFF] game=16 key=win prediction_id=25 现值=[] 新值=[118]
[DIFF] game=16 key=peace prediction_id=26 现值=[] 新值=[110]
[DIFF] game=16 key=votes prediction_id=27 现值=[] 新值=[117]
[DIFF] game=17 key=win prediction_id=28 现值=[] 新值=[128]
[DIFF] game=17 key=peace prediction_id=29 现值=[] 新值=[120]
[DIFF] game=17 key=votes prediction_id=30 现值=[] 新值=[127]
[DIFF] game=18 key=win prediction_id=31 现值=[] 新值=[138]
[DIFF] game=18 key=peace prediction_id=32 现值=[] 新值=[130]
[DIFF] game=18 key=votes prediction_id=33 现值=[] 新值=[137]
[DIFF] game=19 key=win prediction_id=34 现值=[] 新值=[148]
[DIFF] game=19 key=peace prediction_id=35 现值=[] 新值=[140]
[DIFF] game=19 key=votes prediction_id=36 现值=[] 新值=[147]
[DIFF] game=20 key=win prediction_id=37 现值=[] 新值=[158]
[DIFF] game=20 key=peace prediction_id=38 现值=[] 新值=[150]
[DIFF] game=20 key=votes prediction_id=39 现值=[] 新值=[157]
[DIFF] game=21 key=win prediction_id=40 现值=[] 新值=[168]
[DIFF] game=21 key=peace prediction_id=41 现值=[] 新值=[160]
[DIFF] game=21 key=votes prediction_id=42 现值=[] 新值=[167]
[DIFF] game=22 key=win prediction_id=43 现值=[] 新值=[178]
[DIFF] game=22 key=peace prediction_id=44 现值=[] 新值=[170]
[DIFF] game=22 key=votes prediction_id=45 现值=[] 新值=[177]
[DIFF] game=23 key=win prediction_id=46 现值=[] 新值=[188]
[DIFF] game=23 key=peace prediction_id=47 现值=[] 新值=[180]
[DIFF] game=23 key=votes prediction_id=48 现值=[] 新值=[187]
[DIFF] game=24 key=win prediction_id=49 现值=[] 新值=[198]
[DIFF] game=24 key=peace prediction_id=50 现值=[] 新值=[190]
[DIFF] game=24 key=votes prediction_id=51 现值=[] 新值=[197]
[DIFF] game=25 key=win prediction_id=52 现值=[] 新值=[208]
[DIFF] game=25 key=peace prediction_id=53 现值=[] 新值=[200]
[DIFF] game=25 key=votes prediction_id=54 现值=[] 新值=[207]
[DIFF] game=26 key=win prediction_id=55 现值=[] 新值=[218]
[DIFF] game=26 key=peace prediction_id=56 现值=[] 新值=[210]
[DIFF] game=26 key=votes prediction_id=57 现值=[] 新值=[217]
[DIFF] game=27 key=win prediction_id=58 现值=[] 新值=[228]
[DIFF] game=27 key=peace prediction_id=59 现值=[] 新值=[220]
[DIFF] game=27 key=votes prediction_id=60 现值=[] 新值=[227]
[DIFF] game=28 key=win prediction_id=61 现值=[] 新值=[238]
[DIFF] game=28 key=peace prediction_id=62 现值=[] 新值=[230]
[DIFF] game=28 key=votes prediction_id=63 现值=[] 新值=[237]
[DIFF] game=29 key=win prediction_id=64 现值=[] 新值=[248]
[DIFF] game=29 key=peace prediction_id=65 现值=[] 新值=[240]
[DIFF] game=29 key=votes prediction_id=66 现值=[] 新值=[247]
[DIFF] game=30 key=win prediction_id=67 现值=[] 新值=[258]
[DIFF] game=30 key=peace prediction_id=68 现值=[] 新值=[250]
[DIFF] game=30 key=votes prediction_id=69 现值=[] 新值=[257]
[DIFF] game=31 key=win prediction_id=70 现值=[] 新值=[268]
[DIFF] game=31 key=peace prediction_id=71 现值=[] 新值=[260]
[DIFF] game=31 key=votes prediction_id=72 现值=[] 新值=[267]
[DIFF] game=32 key=win prediction_id=73 现值=[] 新值=[278]
[DIFF] game=32 key=peace prediction_id=74 现值=[] 新值=[270]
[DIFF] game=32 key=votes prediction_id=75 现值=[] 新值=[277]
[DIFF] game=33 key=win prediction_id=76 现值=[] 新值=[288]
[DIFF] game=33 key=peace prediction_id=77 现值=[] 新值=[280]
[DIFF] game=33 key=votes prediction_id=78 现值=[] 新值=[287]
[DIFF] game=34 key=win prediction_id=79 现值=[] 新值=[298]
[DIFF] game=34 key=peace prediction_id=80 现值=[] 新值=[290]
[DIFF] game=34 key=votes prediction_id=81 现值=[] 新值=[297]
[DIFF] game=35 key=win prediction_id=82 现值=[] 新值=[308]
[DIFF] game=35 key=peace prediction_id=83 现值=[] 新值=[300]
[DIFF] game=35 key=votes prediction_id=84 现值=[] 新值=[307]
[DIFF] game=36 key=win prediction_id=85 现值=[] 新值=[318]
[DIFF] game=36 key=peace prediction_id=86 现值=[] 新值=[310]
[DIFF] game=36 key=votes prediction_id=87 现值=[] 新值=[317]
[DIFF] game=37 key=win prediction_id=88 现值=[] 新值=[328]
[DIFF] game=37 key=peace prediction_id=89 现值=[] 新值=[320]
[DIFF] game=37 key=votes prediction_id=90 现值=[] 新值=[327]
STATS={"games":30,"scanned":90,"changed":90,"unchanged":0,"missing":0}
dry-run 零写入；确认 diff 后加 --apply 执行（M1 微步禁止 apply）
