corpus pending rows: 1321 confirm=true
pending id=451 openmeteo_daily_max — archive 尚无 2026-09-14（ERA5 未入库）
pending id=452 dbnomics_series_value — 2026-09 观测值未发布
pending id=453 cwl_ssq_red_contains — 第 2026106 期未开奖
pending id=454 cwl_ssq_blue_odd — 第 2026106 期未开奖
resolved id=455 -> true | Open-Meteo archive 2026-09-13 max=32.1C（阈值 30C，机检）
pending id=456 openmeteo_daily_max — archive 尚无 2026-09-14（ERA5 未入库）
pending id=457 openmeteo_daily_max — archive 尚无 2026-09-15（ERA5 未入库）
pending id=458 openmeteo_daily_max — archive 尚无 2026-09-16（ERA5 未入库）
resolved id=459 -> true | Open-Meteo archive 2026-09-13 max=29.9C（阈值 28C，机检）
pending id=460 openmeteo_daily_max — archive 尚无 2026-09-14（ERA5 未入库）
pending id=461 openmeteo_daily_max — archive 尚无 2026-09-15（ERA5 未入库）
pending id=462 openmeteo_daily_max — archive 尚无 2026-09-16（ERA5 未入库）
resolved id=463 -> true | Open-Meteo archive 2026-09-13 max=33.3C（阈值 32C，机检）
pending id=464 openmeteo_daily_max — archive 尚无 2026-09-14（ERA5 未入库）
pending id=465 openmeteo_daily_max — archive 尚无 2026-09-15（ERA5 未入库）
pending id=466 openmeteo_daily_max — archive 尚无 2026-09-16（ERA5 未入库）
resolved id=467 -> false | Open-Meteo archive 2026-09-13 max=22.9C（阈值 25C，机检）
pending id=468 openmeteo_daily_max — archive 尚无 2026-09-14（ERA5 未入库）
pending id=469 openmeteo_daily_max — archive 尚无 2026-09-15（ERA5 未入库）
pending id=470 openmeteo_daily_max — archive 尚无 2026-09-16（ERA5 未入库）
pending id=471 dbnomics_series_value — 2026-10 观测值未发布
pending id=472 dbnomics_series_value — 2026-10 观测值未发布
resolved id=625 -> true | Open-Meteo forecast 2026-09-14 max=30.6C（阈值 >27，机检）
resolved id=626 -> true | Open-Meteo forecast 2026-09-15 max=29.1C（阈值 >27，机检）
resolved id=627 -> true | Open-Meteo forecast 2026-09-17 max=30.2C（阈值 >27，机检）
resolved id=628 -> true | Open-Meteo forecast 2026-09-19 max=31.2C（阈值 >27，机检）
resolved id=629 -> true | Open-Meteo forecast 2026-09-21 max=29.6C（阈值 >27，机检）
resolved id=630 -> false | Open-Meteo forecast 2026-09-24 max=25.5C（阈值 >27，机检）
resolved id=631 -> true | Open-Meteo forecast 2026-09-27 max=28.9C（阈值 >27，机检）
resolved id=632 -> false | Open-Meteo forecast 2026-09-14 max=26.5C（阈值 >27，机检）
resolved id=633 -> true | Open-Meteo forecast 2026-09-15 max=29.1C（阈值 >27，机检）
resolved id=634 -> true | Open-Meteo forecast 2026-09-17 max=32C（阈值 >27，机检）
resolved id=635 -> true | Open-Meteo forecast 2026-09-19 max=30.3C（阈值 >27，机检）
resolved id=636 -> true | Open-Meteo forecast 2026-09-21 max=30.2C（阈值 >27，机检）
resolved id=637 -> false | Open-Meteo forecast 2026-09-24 max=26.8C（阈值 >27，机检）
resolved id=638 -> true | Open-Meteo forecast 2026-09-27 max=27.5C（阈值 >27，机检）
resolved id=639 -> false | Open-Meteo forecast 2026-09-14 max=30.9C（阈值 >31，机检）
resolved id=640 -> false | Open-Meteo forecast 2026-09-15 max=30.8C（阈值 >31，机检）
resolved id=641 -> true | Open-Meteo forecast 2026-09-17 max=31.8C（阈值 >31，机检）
resolved id=642 -> true | Open-Meteo forecast 2026-09-19 max=33.2C（阈值 >31，机检）
resolved id=643 -> true | Open-Meteo forecast 2026-09-21 max=33.9C（阈值 >31，机检）
resolved id=644 -> true | Open-Meteo forecast 2026-09-24 max=32.1C（阈值 >31，机检）
resolved id=645 -> true | Open-Meteo forecast 2026-09-27 max=32.2C（阈值 >31，机检）
resolved id=646 -> false | Open-Meteo forecast 2026-09-14 max=23.3C（阈值 >26，机检）
resolved id=647 -> false | Open-Meteo forecast 2026-09-15 max=21.2C（阈值 >26，机检）
resolved id=648 -> true | Open-Meteo forecast 2026-09-17 max=26.4C（阈值 >26，机检）
resolved id=649 -> false | Open-Meteo forecast 2026-09-19 max=24.5C（阈值 >26，机检）
resolved id=650 -> true | Open-Meteo forecast 2026-09-21 max=27.7C（阈值 >26，机检）
resolved id=651 -> false | Open-Meteo forecast 2026-09-24 max=20.5C（阈值 >26，机检）
resolved id=652 -> false | Open-Meteo forecast 2026-09-27 max=24.9C（阈值 >26，机检）
resolved id=653 -> true | Open-Meteo forecast 2026-09-14 max=31.2C（阈值 >27，机检）
resolved id=654 -> true | Open-Meteo forecast 2026-09-15 max=27.3C（阈值 >27，机检）
resolved id=655 -> false | Open-Meteo forecast 2026-09-17 max=24.9C（阈值 >27，机检）
resolved id=656 -> false | Open-Meteo forecast 2026-09-19 max=27C（阈值 >27，机检）
resolved id=657 -> true | Open-Meteo forecast 2026-09-21 max=29.2C（阈值 >27，机检）
resolved id=658 -> false | Open-Meteo forecast 2026-09-24 max=25.3C（阈值 >27，机检）
resolved id=659 -> false | Open-Meteo forecast 2026-09-27 max=25.4C（阈值 >27，机检）
resolved id=660 -> true | Open-Meteo forecast 2026-09-14 max=25.5C（阈值 >25，机检）
resolved id=661 -> true | Open-Meteo forecast 2026-09-15 max=25.7C（阈值 >25，机检）
resolved id=662 -> true | Open-Meteo forecast 2026-09-17 max=27.6C（阈值 >25，机检）
resolved id=663 -> true | Open-Meteo forecast 2026-09-19 max=29.2C（阈值 >25，机检）
resolved id=664 -> true | Open-Meteo forecast 2026-09-21 max=30C（阈值 >25，机检）
resolved id=665 -> false | Open-Meteo forecast 2026-09-24 max=24C（阈值 >25，机检）
resolved id=666 -> false | Open-Meteo forecast 2026-09-27 max=23.1C（阈值 >25，机检）
resolved id=667 -> true | Open-Meteo forecast 2026-09-14 max=30.2C（阈值 >29，机检）
resolved id=668 -> true | Open-Meteo forecast 2026-09-15 max=31.7C（阈值 >29，机检）
resolved id=669 -> true | Open-Meteo forecast 2026-09-17 max=30.6C（阈值 >29，机检）
resolved id=670 -> true | Open-Meteo forecast 2026-09-19 max=29.7C（阈值 >29，机检）
resolved id=671 -> true | Open-Meteo forecast 2026-09-21 max=30C（阈值 >29，机检）
resolved id=672 -> true | Open-Meteo forecast 2026-09-24 max=33.8C（阈值 >29，机检）
resolved id=673 -> true | Open-Meteo forecast 2026-09-27 max=31.3C（阈值 >29，机检）
resolved id=674 -> true | Open-Meteo forecast 2026-09-14 max=25.8C（阈值 >20，机检）
resolved id=675 -> true | Open-Meteo forecast 2026-09-15 max=21.1C（阈值 >20，机检）
resolved id=676 -> false | Open-Meteo forecast 2026-09-17 max=16.2C（阈值 >20，机检）
resolved id=677 -> true | Open-Meteo forecast 2026-09-19 max=23.6C（阈值 >20，机检）
resolved id=678 -> true | Open-Meteo forecast 2026-09-21 max=22.1C（阈值 >20，机检）
resolved id=679 -> true | Open-Meteo forecast 2026-09-24 max=24C（阈值 >20，机检）
resolved id=680 -> true | Open-Meteo forecast 2026-09-27 max=23.3C（阈值 >20，机检）
resolved id=681 -> true | Open-Meteo forecast 2026-09-14 max=23.7C（阈值 >20，机检）
resolved id=682 -> true | Open-Meteo forecast 2026-09-15 max=22.9C（阈值 >20，机检）
resolved id=683 -> false | Open-Meteo forecast 2026-09-17 max=19.4C（阈值 >20，机检）
resolved id=684 -> true | Open-Meteo forecast 2026-09-19 max=20.2C（阈值 >20，机检）
resolved id=685 -> false | Open-Meteo forecast 2026-09-21 max=18.9C（阈值 >20，机检）
resolved id=686 -> true | Open-Meteo forecast 2026-09-24 max=20.7C（阈值 >20，机检）
resolved id=687 -> false | Open-Meteo forecast 2026-09-27 max=19C（阈值 >20，机检）
resolved id=688 -> true | Open-Meteo forecast 2026-09-14 max=27.2C（阈值 >22，机检）
resolved id=689 -> true | Open-Meteo forecast 2026-09-15 max=30.3C（阈值 >22，机检）
resolved id=690 -> false | Open-Meteo forecast 2026-09-17 max=20.4C（阈值 >22，机检）
resolved id=691 -> true | Open-Meteo forecast 2026-09-19 max=26C（阈值 >22，机检）
resolved id=692 -> false | Open-Meteo forecast 2026-09-21 max=17.9C（阈值 >22，机检）
resolved id=693 -> false | Open-Meteo forecast 2026-09-24 max=18C（阈值 >22，机检）
resolved id=694 -> false | Open-Meteo forecast 2026-09-27 max=21.9C（阈值 >22，机检）
resolved id=695 -> true | Open-Meteo forecast 2026-09-14 max=25.8C（阈值 >25，机检）
resolved id=696 -> false | Open-Meteo forecast 2026-09-15 max=22.7C（阈值 >25，机检）
resolved id=697 -> true | Open-Meteo forecast 2026-09-17 max=25.1C（阈值 >25，机检）
resolved id=698 -> false | Open-Meteo forecast 2026-09-19 max=24C（阈值 >25，机检）
resolved id=699 -> false | Open-Meteo forecast 2026-09-21 max=21.3C（阈值 >25，机检）
resolved id=700 -> false | Open-Meteo forecast 2026-09-24 max=17.6C（阈值 >25，机检）
resolved id=701 -> true | Open-Meteo forecast 2026-09-27 max=27.6C（阈值 >25，机检）
resolved id=702 -> false | Open-Meteo forecast 2026-09-14 max=29.3C（阈值 >31，机检）
resolved id=703 -> false | Open-Meteo forecast 2026-09-15 max=29.9C（阈值 >31，机检）
resolved id=704 -> false | Open-Meteo forecast 2026-09-17 max=28.8C（阈值 >31，机检）
resolved id=705 -> false | Open-Meteo forecast 2026-09-19 max=29.5C（阈值 >31，机检）
resolved id=706 -> false | Open-Meteo forecast 2026-09-21 max=29.2C（阈值 >31，机检）
resolved id=707 -> false | Open-Meteo forecast 2026-09-24 max=26.2C（阈值 >31，机检）
resolved id=708 -> false | Open-Meteo forecast 2026-09-27 max=24.2C（阈值 >31，机检）
resolved id=709 -> true | Open-Meteo forecast 2026-09-14 max=37.4C（阈值 >36，机检）
resolved id=710 -> true | Open-Meteo forecast 2026-09-15 max=36.8C（阈值 >36，机检）
resolved id=711 -> true | Open-Meteo forecast 2026-09-17 max=36.8C（阈值 >36，机检）
resolved id=712 -> false | Open-Meteo forecast 2026-09-19 max=32.5C（阈值 >36，机检）
resolved id=713 -> false | Open-Meteo forecast 2026-09-21 max=34.5C（阈值 >36，机检）
resolved id=714 -> false | Open-Meteo forecast 2026-09-24 max=35.3C（阈值 >36，机检）
resolved id=715 -> false | Open-Meteo forecast 2026-09-27 max=32.9C（阈值 >36，机检）
resolved id=716 -> false | Open-Meteo forecast 2026-09-14 max=17.4C（阈值 >27，机检）
resolved id=717 -> false | Open-Meteo forecast 2026-09-15 max=18.9C（阈值 >27，机检）
resolved id=718 -> false | Open-Meteo forecast 2026-09-17 max=18.1C（阈值 >27，机检）
resolved id=719 -> false | Open-Meteo forecast 2026-09-19 max=22C（阈值 >27，机检）
resolved id=720 -> false | Open-Meteo forecast 2026-09-21 max=26.1C（阈值 >27，机检）
resolved id=721 -> false | Open-Meteo forecast 2026-09-24 max=16.6C（阈值 >27，机检）
resolved id=722 -> false | Open-Meteo forecast 2026-09-27 max=18.1C（阈值 >27，机检）
fetch-fail id=723 dbnomics_series_value — This operation was aborted （跳过不写）
pending id=724 dbnomics_series_value — 2026-11 观测值未发布
pending id=725 dbnomics_series_value — 2026-10 观测值未发布
pending id=726 dbnomics_series_value — 2026-11 观测值未发布
pending id=727 dbnomics_series_value — 2026-10 观测值未发布
pending id=728 dbnomics_series_value — 2026-11 观测值未发布
pending id=729 dbnomics_series_value — 2026-10 观测值未发布
fetch-fail id=730 dbnomics_series_value — This operation was aborted （跳过不写）
pending id=731 cwl_ssq_red_contains — 第 2026106 期未开奖
pending id=732 cwl_ssq_red_contains — 第 2026106 期未开奖
pending id=733 cwl_ssq_red_contains — 第 2026107 期未开奖
pending id=734 cwl_ssq_red_contains — 第 2026107 期未开奖
pending id=735 cwl_ssq_red_contains — 第 2026108 期未开奖
pending id=736 cwl_ssq_red_contains — 第 2026108 期未开奖
pending id=737 dbnomics_series_value — 2026-10 观测值未发布
pending id=738 dbnomics_series_value — 2026-11 观测值未发布
pending id=739 dbnomics_series_value — 2026-10 观测值未发布
pending id=740 dbnomics_series_value — 2026-11 观测值未发布
pending id=741 dbnomics_series_value — 2026-10 观测值未发布
pending id=742 dbnomics_series_value — 2026-11 观测值未发布
pending id=743 dbnomics_series_value — 2026-10 观测值未发布
pending id=744 dbnomics_series_value — 2026-11 观测值未发布
pending id=745 dbnomics_series_value — 2026-10 观测值未发布
pending id=746 dbnomics_series_value — 2026-11 观测值未发布
pending id=747 dbnomics_series_value — 2026-10 观测值未发布
pending id=748 dbnomics_series_value — 2026-11 观测值未发布
pending id=749 dbnomics_series_value — 2026-10 观测值未发布
pending id=750 dbnomics_series_value — 2026-11 观测值未发布
pending id=751 dbnomics_series_value — 2026-10 观测值未发布
pending id=752 dbnomics_series_value — 2026-11 观测值未发布
pending id=753 dbnomics_series_value — 2026-10 观测值未发布
pending id=754 dbnomics_series_value — 2026-11 观测值未发布
pending id=755 dbnomics_series_value — 2026-10 观测值未发布
pending id=756 dbnomics_series_value — 2026-11 观测值未发布
pending id=757 dbnomics_series_value — 2026-10 观测值未发布
pending id=758 dbnomics_series_value — 2026-11 观测值未发布
pending id=759 dbnomics_series_value — 2026-10 观测值未发布
pending id=760 dbnomics_series_value — 2026-11 观测值未发布
pending id=761 dbnomics_series_value — 2026-10 观测值未发布
pending id=762 dbnomics_series_value — 2026-11 观测值未发布
pending id=763 dbnomics_series_value — 2026-10 观测值未发布
pending id=764 dbnomics_series_value — 2026-11 观测值未发布
pending id=765 dbnomics_series_value — 2026-10 观测值未发布
pending id=766 dbnomics_series_value — 2026-11 观测值未发布
pending id=767 dbnomics_series_value — 2026-10 观测值未发布
pending id=768 dbnomics_series_value — 2026-11 观测值未发布
pending id=769 dbnomics_series_value — 2026-10 观测值未发布
pending id=770 dbnomics_series_value — 2026-11 观测值未发布
pending id=771 dbnomics_series_value — 2026-10 观测值未发布
pending id=772 dbnomics_series_value — 2026-11 观测值未发布
pending id=773 dbnomics_series_value — 2026-10 观测值未发布
pending id=774 dbnomics_series_value — 2026-11 观测值未发布
pending id=775 dbnomics_series_value — 2026-10 观测值未发布
pending id=776 dbnomics_series_value — 2026-11 观测值未发布
pending id=777 dbnomics_series_value — 2026-10 观测值未发布
pending id=778 dbnomics_series_value — 2026-11 观测值未发布
pending id=779 dbnomics_series_value — 2026-10 观测值未发布
pending id=780 dbnomics_series_value — 2026-11 观测值未发布
pending id=781 dbnomics_series_value — 2026-10 观测值未发布
pending id=782 dbnomics_series_value — 2026-11 观测值未发布
pending id=783 dbnomics_series_value — 2026-10 观测值未发布
pending id=784 dbnomics_series_value — 2026-11 观测值未发布
pending id=785 dbnomics_series_value — 2026-10 观测值未发布
pending id=786 dbnomics_series_value — 2026-11 观测值未发布
pending id=787 dbnomics_series_value — 2026-10 观测值未发布
pending id=788 dbnomics_series_value — 2026-11 观测值未发布
pending id=789 dbnomics_series_value — 2026-10 观测值未发布
pending id=790 dbnomics_series_value — 2026-11 观测值未发布
pending id=791 dbnomics_series_value — 2026-10 观测值未发布
pending id=792 dbnomics_series_value — 2026-11 观测值未发布
pending id=793 dbnomics_series_value — 2026-10 观测值未发布
pending id=794 dbnomics_series_value — 2026-11 观测值未发布
pending id=795 dbnomics_series_value — 2026-10 观测值未发布
pending id=796 dbnomics_series_value — 2026-11 观测值未发布
pending id=797 dbnomics_series_value — 2026-10 观测值未发布
pending id=798 dbnomics_series_value — 2026-11 观测值未发布
pending id=799 dbnomics_series_value — 2026-10 观测值未发布
pending id=800 dbnomics_series_value — 2026-11 观测值未发布
pending id=801 dbnomics_series_value — 2026-10 观测值未发布
pending id=802 dbnomics_series_value — 2026-11 观测值未发布
pending id=803 dbnomics_series_value — 2026-10 观测值未发布
pending id=804 dbnomics_series_value — 2026-11 观测值未发布
pending id=805 dbnomics_series_value — 2026-10 观测值未发布
pending id=806 dbnomics_series_value — 2026-11 观测值未发布
pending id=807 dbnomics_series_value — 2026-10 观测值未发布
pending id=808 dbnomics_series_value — 2026-11 观测值未发布
pending id=809 dbnomics_series_value — 2026-10 观测值未发布
pending id=810 dbnomics_series_value — 2026-11 观测值未发布
pending id=811 dbnomics_series_value — 2026-10 观测值未发布
pending id=812 dbnomics_series_value — 2026-11 观测值未发布
pending id=813 dbnomics_series_value — 2026-10 观测值未发布
pending id=814 dbnomics_series_value — 2026-11 观测值未发布
pending id=815 dbnomics_series_value — 2026-10 观测值未发布
pending id=816 dbnomics_series_value — 2026-11 观测值未发布
pending id=817 cwl_ssq_red_contains — 第 2026106 期未开奖
pending id=818 cwl_ssq_red_contains — 第 2026107 期未开奖
pending id=819 cwl_ssq_red_contains — 第 2026108 期未开奖
pending id=820 cwl_ssq_red_contains — 第 2026109 期未开奖
pending id=821 cwl_ssq_red_contains — 第 2026110 期未开奖
pending id=822 cwl_ssq_red_contains — 第 2026111 期未开奖
pending id=823 cwl_ssq_red_contains — 第 2026112 期未开奖
pending id=824 cwl_ssq_red_contains — 第 2026113 期未开奖
pending id=825 cwl_ssq_red_contains — 第 2026114 期未开奖
pending id=826 cwl_ssq_red_contains — 第 2026115 期未开奖
pending id=827 cwl_ssq_red_contains — 第 2026116 期未开奖
pending id=828 cwl_ssq_red_contains — 第 2026117 期未开奖
pending id=829 cwl_ssq_blue_odd — 第 2026106 期未开奖
pending id=830 cwl_ssq_blue_odd — 第 2026107 期未开奖
pending id=831 cwl_ssq_blue_odd — 第 2026108 期未开奖
pending id=832 cwl_ssq_blue_odd — 第 2026109 期未开奖
pending id=833 cwl_ssq_blue_odd — 第 2026110 期未开奖
pending id=834 cwl_ssq_blue_odd — 第 2026111 期未开奖
pending id=835 cwl_ssq_blue_odd — 第 2026112 期未开奖
pending id=836 cwl_ssq_blue_odd — 第 2026113 期未开奖
pending id=837 cwl_ssq_blue_odd — 第 2026114 期未开奖
pending id=838 cwl_ssq_blue_odd — 第 2026115 期未开奖
pending id=839 cwl_ssq_blue_odd — 第 2026116 期未开奖
pending id=840 cwl_ssq_blue_odd — 第 2026117 期未开奖
pending id=841 dlt_draw_result — 第 26105 期未开奖
pending id=842 dlt_draw_result — 第 26106 期未开奖
pending id=843 dlt_draw_result — 第 26107 期未开奖
pending id=844 dlt_draw_result — 第 26108 期未开奖
pending id=845 dlt_draw_result — 第 26109 期未开奖
pending id=846 dlt_draw_result — 第 26110 期未开奖
pending id=847 dlt_draw_result — 第 26111 期未开奖
pending id=848 dlt_draw_result — 第 26112 期未开奖
pending id=849 dlt_draw_result — 第 26113 期未开奖
pending id=850 dlt_draw_result — 第 26114 期未开奖
pending id=851 dlt_draw_result — 第 26115 期未开奖
pending id=852 dlt_draw_result — 第 26116 期未开奖
pending id=853 dlt_draw_result — 第 26117 期未开奖
pending id=854 dlt_draw_result — 第 26118 期未开奖
pending id=855 dlt_draw_result — 第 26119 期未开奖
pending id=856 dlt_draw_result — 第 26120 期未开奖
pending id=857 dlt_draw_result — 第 26105 期未开奖
pending id=858 dlt_draw_result — 第 26106 期未开奖
pending id=859 dlt_draw_result — 第 26107 期未开奖
pending id=860 dlt_draw_result — 第 26108 期未开奖
pending id=861 dlt_draw_result — 第 26109 期未开奖
pending id=862 dlt_draw_result — 第 26110 期未开奖
pending id=863 dlt_draw_result — 第 26111 期未开奖
pending id=864 dlt_draw_result — 第 26112 期未开奖
pending id=865 dlt_draw_result — 第 26113 期未开奖
pending id=866 dlt_draw_result — 第 26114 期未开奖
pending id=867 dlt_draw_result — 第 26115 期未开奖
pending id=868 dlt_draw_result — 第 26116 期未开奖
pending id=869 dlt_draw_result — 第 26117 期未开奖
pending id=870 dlt_draw_result — 第 26118 期未开奖
pending id=871 dlt_draw_result — 第 26119 期未开奖
pending id=872 dlt_draw_result — 第 26120 期未开奖
skip id=873 （无 resolve 参数，不机械回填）
skip id=874 （无 resolve 参数，不机械回填）
skip id=875 （无 resolve 参数，不机械回填）
skip id=876 （无 resolve 参数，不机械回填）
skip id=877 （无 resolve 参数，不机械回填）
skip id=878 （无 resolve 参数，不机械回填）
skip id=879 （无 resolve 参数，不机械回填）
skip id=880 （无 resolve 参数，不机械回填）
skip id=881 （无 resolve 参数，不机械回填）
skip id=882 （无 resolve 参数，不机械回填）
skip id=883 （无 resolve 参数，不机械回填）
skip id=884 （无 resolve 参数，不机械回填）
skip id=885 （无 resolve 参数，不机械回填）
skip id=886 （无 resolve 参数，不机械回填）
skip id=887 （无 resolve 参数，不机械回填）
skip id=888 （无 resolve 参数，不机械回填）
skip id=889 （无 resolve 参数，不机械回填）
skip id=890 （无 resolve 参数，不机械回填）
skip id=891 （无 resolve 参数，不机械回填）
skip id=892 （无 resolve 参数，不机械回填）
skip id=893 （无 resolve 参数，不机械回填）
skip id=894 （无 resolve 参数，不机械回填）
skip id=895 （无 resolve 参数，不机械回填）
skip id=896 （无 resolve 参数，不机械回填）
skip id=897 （无 resolve 参数，不机械回填）
skip id=898 （无 resolve 参数，不机械回填）
skip id=899 （无 resolve 参数，不机械回填）
skip id=900 （无 resolve 参数，不机械回填）
skip id=901 （无 resolve 参数，不机械回填）
skip id=902 （无 resolve 参数，不机械回填）
skip id=903 （无 resolve 参数，不机械回填）
skip id=904 （无 resolve 参数，不机械回填）
skip id=905 （无 resolve 参数，不机械回填）
skip id=906 （无 resolve 参数，不机械回填）
skip id=907 （无 resolve 参数，不机械回填）
skip id=908 （无 resolve 参数，不机械回填）
skip id=909 （无 resolve 参数，不机械回填）
skip id=910 （无 resolve 参数，不机械回填）
skip id=911 （无 resolve 参数，不机械回填）
skip id=912 （无 resolve 参数，不机械回填）
skip id=913 （无 resolve 参数，不机械回填）
skip id=914 （无 resolve 参数，不机械回填）
skip id=915 （无 resolve 参数，不机械回填）
skip id=916 （无 resolve 参数，不机械回填）
skip id=917 （无 resolve 参数，不机械回填）
skip id=918 （无 resolve 参数，不机械回填）
skip id=919 （无 resolve 参数，不机械回填）
skip id=920 （无 resolve 参数，不机械回填）
skip id=921 （无 resolve 参数，不机械回填）
skip id=922 （无 resolve 参数，不机械回填）
skip id=923 （无 resolve 参数，不机械回填）
skip id=924 （无 resolve 参数，不机械回填）
skip id=925 （无 resolve 参数，不机械回填）
skip id=926 （无 resolve 参数，不机械回填）
skip id=927 （无 resolve 参数，不机械回填）
skip id=928 （无 resolve 参数，不机械回填）
skip id=929 （无 resolve 参数，不机械回填）
skip id=930 （无 resolve 参数，不机械回填）
skip id=931 （无 resolve 参数，不机械回填）
skip id=932 （无 resolve 参数，不机械回填）
skip id=933 （无 resolve 参数，不机械回填）
skip id=934 （无 resolve 参数，不机械回填）
skip id=935 （无 resolve 参数，不机械回填）
skip id=936 （无 resolve 参数，不机械回填）
skip id=937 （无 resolve 参数，不机械回填）
skip id=938 （无 resolve 参数，不机械回填）
skip id=939 （无 resolve 参数，不机械回填）
skip id=940 （无 resolve 参数，不机械回填）
skip id=941 （无 resolve 参数，不机械回填）
skip id=942 （无 resolve 参数，不机械回填）
skip id=943 （无 resolve 参数，不机械回填）
skip id=944 （无 resolve 参数，不机械回填）
skip id=945 （无 resolve 参数，不机械回填）
skip id=946 （无 resolve 参数，不机械回填）
skip id=947 （无 resolve 参数，不机械回填）
skip id=948 （无 resolve 参数，不机械回填）
skip id=949 （无 resolve 参数，不机械回填）
skip id=950 （无 resolve 参数，不机械回填）
skip id=951 （无 resolve 参数，不机械回填）
skip id=952 （无 resolve 参数，不机械回填）
skip id=953 （无 resolve 参数，不机械回填）
skip id=954 （无 resolve 参数，不机械回填）
skip id=955 （无 resolve 参数，不机械回填）
skip id=956 （无 resolve 参数，不机械回填）
skip id=957 （无 resolve 参数，不机械回填）
skip id=958 （无 resolve 参数，不机械回填）
skip id=959 （无 resolve 参数，不机械回填）
skip id=960 （无 resolve 参数，不机械回填）
skip id=961 （无 resolve 参数，不机械回填）
skip id=962 （无 resolve 参数，不机械回填）
skip id=963 （无 resolve 参数，不机械回填）
skip id=964 （无 resolve 参数，不机械回填）
skip id=965 （无 resolve 参数，不机械回填）
skip id=966 （无 resolve 参数，不机械回填）
skip id=967 （无 resolve 参数，不机械回填）
skip id=968 （无 resolve 参数，不机械回填）
skip id=969 （无 resolve 参数，不机械回填）
skip id=970 （无 resolve 参数，不机械回填）
skip id=971 （无 resolve 参数，不机械回填）
skip id=972 （无 resolve 参数，不机械回填）
skip id=973 （无 resolve 参数，不机械回填）
skip id=974 （无 resolve 参数，不机械回填）
skip id=975 （无 resolve 参数，不机械回填）
skip id=976 （无 resolve 参数，不机械回填）
skip id=977 （无 resolve 参数，不机械回填）
skip id=978 （无 resolve 参数，不机械回填）
skip id=979 （无 resolve 参数，不机械回填）
skip id=980 （无 resolve 参数，不机械回填）
skip id=981 （无 resolve 参数，不机械回填）
skip id=982 （无 resolve 参数，不机械回填）
skip id=983 （无 resolve 参数，不机械回填）
skip id=984 （无 resolve 参数，不机械回填）
skip id=985 （无 resolve 参数，不机械回填）
skip id=986 （无 resolve 参数，不机械回填）
skip id=987 （无 resolve 参数，不机械回填）
skip id=988 （无 resolve 参数，不机械回填）
skip id=989 （无 resolve 参数，不机械回填）
skip id=990 （无 resolve 参数，不机械回填）
skip id=991 （无 resolve 参数，不机械回填）
skip id=992 （无 resolve 参数，不机械回填）
skip id=993 （无 resolve 参数，不机械回填）
skip id=994 （无 resolve 参数，不机械回填）
skip id=995 （无 resolve 参数，不机械回填）
skip id=996 （无 resolve 参数，不机械回填）
skip id=997 （无 resolve 参数，不机械回填）
skip id=998 （无 resolve 参数，不机械回填）
skip id=999 （无 resolve 参数，不机械回填）
skip id=1000 （无 resolve 参数，不机械回填）
skip id=1001 （无 resolve 参数，不机械回填）
skip id=1002 （无 resolve 参数，不机械回填）
skip id=1003 （无 resolve 参数，不机械回填）
skip id=1004 （无 resolve 参数，不机械回填）
skip id=1005 （无 resolve 参数，不机械回填）
skip id=1006 （无 resolve 参数，不机械回填）
skip id=1007 （无 resolve 参数，不机械回填）
skip id=1008 （无 resolve 参数，不机械回填）
skip id=1009 （无 resolve 参数，不机械回填）
skip id=1010 （无 resolve 参数，不机械回填）
skip id=1011 （无 resolve 参数，不机械回填）
skip id=1012 （无 resolve 参数，不机械回填）
skip id=1013 （无 resolve 参数，不机械回填）
skip id=1014 （无 resolve 参数，不机械回填）
skip id=1015 （无 resolve 参数，不机械回填）
skip id=1016 （无 resolve 参数，不机械回填）
skip id=1017 （无 resolve 参数，不机械回填）
skip id=1018 （无 resolve 参数，不机械回填）
skip id=1019 （无 resolve 参数，不机械回填）
skip id=1020 （无 resolve 参数，不机械回填）
pending id=1021 cwl_ssq_red_contains — 第 2026118 期未开奖
pending id=1022 cwl_ssq_red_contains — 第 2026119 期未开奖
pending id=1023 cwl_ssq_red_contains — 第 2026120 期未开奖
pending id=1024 cwl_ssq_red_contains — 第 2026121 期未开奖
pending id=1025 cwl_ssq_red_contains — 第 2026122 期未开奖
pending id=1026 cwl_ssq_red_contains — 第 2026123 期未开奖
pending id=1027 cwl_ssq_red_contains — 第 2026124 期未开奖
pending id=1028 cwl_ssq_blue_odd — 第 2026118 期未开奖
pending id=1029 cwl_ssq_blue_odd — 第 2026119 期未开奖
pending id=1030 cwl_ssq_blue_odd — 第 2026120 期未开奖
pending id=1031 cwl_ssq_blue_odd — 第 2026121 期未开奖
pending id=1032 cwl_ssq_blue_odd — 第 2026122 期未开奖
pending id=1033 cwl_ssq_blue_odd — 第 2026123 期未开奖
pending id=1034 cwl_ssq_blue_odd — 第 2026124 期未开奖
pending id=1035 dlt_draw_result — 第 26121 期未开奖
pending id=1036 dlt_draw_result — 第 26122 期未开奖
pending id=1037 dlt_draw_result — 第 26123 期未开奖
pending id=1038 dlt_draw_result — 第 26121 期未开奖
pending id=1039 dlt_draw_result — 第 26122 期未开奖
pending id=1040 dlt_draw_result — 第 26123 期未开奖
skip id=1041 （无 resolve 参数，不机械回填）
skip id=1042 （无 resolve 参数，不机械回填）
skip id=1043 （无 resolve 参数，不机械回填）
skip id=1044 （无 resolve 参数，不机械回填）
skip id=1045 （无 resolve 参数，不机械回填）
skip id=1046 （无 resolve 参数，不机械回填）
skip id=1047 （无 resolve 参数，不机械回填）
skip id=1048 （无 resolve 参数，不机械回填）
skip id=1049 （无 resolve 参数，不机械回填）
skip id=1050 （无 resolve 参数，不机械回填）
skip id=1051 （无 resolve 参数，不机械回填）
skip id=1052 （无 resolve 参数，不机械回填）
skip id=1053 （无 resolve 参数，不机械回填）
skip id=1054 （无 resolve 参数，不机械回填）
skip id=1055 （无 resolve 参数，不机械回填）
skip id=1056 （无 resolve 参数，不机械回填）
skip id=1057 （无 resolve 参数，不机械回填）
skip id=1058 （无 resolve 参数，不机械回填）
skip id=1059 （无 resolve 参数，不机械回填）
skip id=1060 （无 resolve 参数，不机械回填）
skip id=1061 （无 resolve 参数，不机械回填）
skip id=1062 （无 resolve 参数，不机械回填）
skip id=1063 （无 resolve 参数，不机械回填）
skip id=1064 （无 resolve 参数，不机械回填）
skip id=1080 （无 resolve 参数，不机械回填）
skip id=1081 （无 resolve 参数，不机械回填）
skip id=1082 （无 resolve 参数，不机械回填）
skip id=1083 （无 resolve 参数，不机械回填）
skip id=1084 （无 resolve 参数，不机械回填）
skip id=1085 （无 resolve 参数，不机械回填）
skip id=1086 （无 resolve 参数，不机械回填）
skip id=1087 （无 resolve 参数，不机械回填）
skip id=1088 （无 resolve 参数，不机械回填）
skip id=1089 （无 resolve 参数，不机械回填）
skip id=1090 （无 resolve 参数，不机械回填）
skip id=1091 （无 resolve 参数，不机械回填）
skip id=1092 （无 resolve 参数，不机械回填）
skip id=1093 （无 resolve 参数，不机械回填）
skip id=1094 （无 resolve 参数，不机械回填）
skip id=1095 （无 resolve 参数，不机械回填）
skip id=1096 （无 resolve 参数，不机械回填）
skip id=1097 （无 resolve 参数，不机械回填）
skip id=1098 （无 resolve 参数，不机械回填）
skip id=1099 （无 resolve 参数，不机械回填）
skip id=1100 （无 resolve 参数，不机械回填）
skip id=1101 （无 resolve 参数，不机械回填）
skip id=1102 （无 resolve 参数，不机械回填）
skip id=1103 （无 resolve 参数，不机械回填）
skip id=1104 （无 resolve 参数，不机械回填）
skip id=1105 （无 resolve 参数，不机械回填）
skip id=1106 （无 resolve 参数，不机械回填）
skip id=1107 （无 resolve 参数，不机械回填）
skip id=1108 （无 resolve 参数，不机械回填）
skip id=1109 （无 resolve 参数，不机械回填）
skip id=1110 （无 resolve 参数，不机械回填）
skip id=1111 （无 resolve 参数，不机械回填）
skip id=1112 （无 resolve 参数，不机械回填）
skip id=1113 （无 resolve 参数，不机械回填）
skip id=1114 （无 resolve 参数，不机械回填）
skip id=1115 （无 resolve 参数，不机械回填）
skip id=1116 （无 resolve 参数，不机械回填）
skip id=1117 （无 resolve 参数，不机械回填）
skip id=1118 （无 resolve 参数，不机械回填）
skip id=1119 （无 resolve 参数，不机械回填）
skip id=1120 （无 resolve 参数，不机械回填）
skip id=1121 （无 resolve 参数，不机械回填）
skip id=1122 （无 resolve 参数，不机械回填）
skip id=1123 （无 resolve 参数，不机械回填）
skip id=1124 （无 resolve 参数，不机械回填）
skip id=1125 （无 resolve 参数，不机械回填）
skip id=1126 （无 resolve 参数，不机械回填）
skip id=1127 （无 resolve 参数，不机械回填）
skip id=1128 （无 resolve 参数，不机械回填）
skip id=1129 （无 resolve 参数，不机械回填）
skip id=1130 （无 resolve 参数，不机械回填）
skip id=1131 （无 resolve 参数，不机械回填）
skip id=1132 （无 resolve 参数，不机械回填）
skip id=1133 （无 resolve 参数，不机械回填）
skip id=1134 （无 resolve 参数，不机械回填）
skip id=1135 （无 resolve 参数，不机械回填）
skip id=1136 （无 resolve 参数，不机械回填）
skip id=1137 （无 resolve 参数，不机械回填）
skip id=1138 （无 resolve 参数，不机械回填）
skip id=1139 （无 resolve 参数，不机械回填）
skip id=1140 （无 resolve 参数，不机械回填）
skip id=1141 （无 resolve 参数，不机械回填）
skip id=1142 （无 resolve 参数，不机械回填）
skip id=1143 （无 resolve 参数，不机械回填）
skip id=1144 （无 resolve 参数，不机械回填）
skip id=1145 （无 resolve 参数，不机械回填）
skip id=1146 （无 resolve 参数，不机械回填）
skip id=1147 （无 resolve 参数，不机械回填）
skip id=1148 （无 resolve 参数，不机械回填）
skip id=1149 （无 resolve 参数，不机械回填）
skip id=1150 （无 resolve 参数，不机械回填）
skip id=1151 （无 resolve 参数，不机械回填）
skip id=1152 （无 resolve 参数，不机械回填）
skip id=1153 （无 resolve 参数，不机械回填）
skip id=1154 （无 resolve 参数，不机械回填）
skip id=1155 （无 resolve 参数，不机械回填）
skip id=1156 （无 resolve 参数，不机械回填）
skip id=1157 （无 resolve 参数，不机械回填）
skip id=1158 （无 resolve 参数，不机械回填）
skip id=1159 （无 resolve 参数，不机械回填）
skip id=1160 （无 resolve 参数，不机械回填）
skip id=1161 （无 resolve 参数，不机械回填）
skip id=1162 （无 resolve 参数，不机械回填）
skip id=1163 （无 resolve 参数，不机械回填）
skip id=1164 （无 resolve 参数，不机械回填）
skip id=1165 （无 resolve 参数，不机械回填）
skip id=1166 （无 resolve 参数，不机械回填）
skip id=1167 （无 resolve 参数，不机械回填）
skip id=1168 （无 resolve 参数，不机械回填）
skip id=1169 （无 resolve 参数，不机械回填）
skip id=1170 （无 resolve 参数，不机械回填）
skip id=1171 （无 resolve 参数，不机械回填）
skip id=1172 （无 resolve 参数，不机械回填）
skip id=1173 （无 resolve 参数，不机械回填）
skip id=1174 （无 resolve 参数，不机械回填）
skip id=1175 （无 resolve 参数，不机械回填）
skip id=1176 （无 resolve 参数，不机械回填）
skip id=1177 （无 resolve 参数，不机械回填）
skip id=1178 （无 resolve 参数，不机械回填）
skip id=1179 （无 resolve 参数，不机械回填）
skip id=1180 （无 resolve 参数，不机械回填）
skip id=1181 （无 resolve 参数，不机械回填）
skip id=1182 （无 resolve 参数，不机械回填）
skip id=1183 （无 resolve 参数，不机械回填）
skip id=1184 （无 resolve 参数，不机械回填）
skip id=1185 （无 resolve 参数，不机械回填）
skip id=1186 （无 resolve 参数，不机械回填）
skip id=1187 （无 resolve 参数，不机械回填）
skip id=1188 （无 resolve 参数，不机械回填）
skip id=1189 （无 resolve 参数，不机械回填）
skip id=1190 （无 resolve 参数，不机械回填）
skip id=1191 （无 resolve 参数，不机械回填）
skip id=1192 （无 resolve 参数，不机械回填）
skip id=1193 （无 resolve 参数，不机械回填）
skip id=1194 （无 resolve 参数，不机械回填）
skip id=1195 （无 resolve 参数，不机械回填）
skip id=1196 （无 resolve 参数，不机械回填）
skip id=1197 （无 resolve 参数，不机械回填）
skip id=1198 （无 resolve 参数，不机械回填）
skip id=1199 （无 resolve 参数，不机械回填）
skip id=1200 （无 resolve 参数，不机械回填）
skip id=1201 （无 resolve 参数，不机械回填）
skip id=1202 （无 resolve 参数，不机械回填）
skip id=1203 （无 resolve 参数，不机械回填）
skip id=1204 （无 resolve 参数，不机械回填）
skip id=1205 （无 resolve 参数，不机械回填）
skip id=1206 （无 resolve 参数，不机械回填）
skip id=1207 （无 resolve 参数，不机械回填）
skip id=1208 （无 resolve 参数，不机械回填）
skip id=1209 （无 resolve 参数，不机械回填）
skip id=1210 （无 resolve 参数，不机械回填）
skip id=1211 （无 resolve 参数，不机械回填）
skip id=1212 （无 resolve 参数，不机械回填）
skip id=1213 （无 resolve 参数，不机械回填）
skip id=1214 （无 resolve 参数，不机械回填）
skip id=1215 （无 resolve 参数，不机械回填）
skip id=1216 （无 resolve 参数，不机械回填）
skip id=1217 （无 resolve 参数，不机械回填）
skip id=1218 （无 resolve 参数，不机械回填）
skip id=1219 （无 resolve 参数，不机械回填）
skip id=1220 （无 resolve 参数，不机械回填）
skip id=1221 （无 resolve 参数，不机械回填）
skip id=1222 （无 resolve 参数，不机械回填）
skip id=1223 （无 resolve 参数，不机械回填）
skip id=1224 （无 resolve 参数，不机械回填）
skip id=1225 （无 resolve 参数，不机械回填）
skip id=1226 （无 resolve 参数，不机械回填）
skip id=1227 （无 resolve 参数，不机械回填）
skip id=1228 （无 resolve 参数，不机械回填）
skip id=1229 （无 resolve 参数，不机械回填）
skip id=1230 （无 resolve 参数，不机械回填）
skip id=1231 （无 resolve 参数，不机械回填）
skip id=1232 （无 resolve 参数，不机械回填）
skip id=1233 （无 resolve 参数，不机械回填）
skip id=1234 （无 resolve 参数，不机械回填）
skip id=1235 （无 resolve 参数，不机械回填）
skip id=1236 （无 resolve 参数，不机械回填）
skip id=1237 （无 resolve 参数，不机械回填）
skip id=1238 （无 resolve 参数，不机械回填）
skip id=1239 （无 resolve 参数，不机械回填）
skip id=1240 （无 resolve 参数，不机械回填）
skip id=1241 （无 resolve 参数，不机械回填）
skip id=1242 （无 resolve 参数，不机械回填）
skip id=1243 （无 resolve 参数，不机械回填）
skip id=1244 （无 resolve 参数，不机械回填）
skip id=1245 （无 resolve 参数，不机械回填）
skip id=1246 （无 resolve 参数，不机械回填）
skip id=1247 （无 resolve 参数，不机械回填）
skip id=1248 （无 resolve 参数，不机械回填）
skip id=1249 （无 resolve 参数，不机械回填）
skip id=1250 （无 resolve 参数，不机械回填）
skip id=1251 （无 resolve 参数，不机械回填）
skip id=1252 （无 resolve 参数，不机械回填）
skip id=1253 （无 resolve 参数，不机械回填）
skip id=1254 （无 resolve 参数，不机械回填）
skip id=1255 （无 resolve 参数，不机械回填）
skip id=1256 （无 resolve 参数，不机械回填）
skip id=1257 （无 resolve 参数，不机械回填）
skip id=1258 （无 resolve 参数，不机械回填）
skip id=1259 （无 resolve 参数，不机械回填）
skip id=1260 （无 resolve 参数，不机械回填）
skip id=1261 （无 resolve 参数，不机械回填）
skip id=1262 （无 resolve 参数，不机械回填）
skip id=1263 （无 resolve 参数，不机械回填）
skip id=1264 （无 resolve 参数，不机械回填）
skip id=1265 （无 resolve 参数，不机械回填）
skip id=1266 （无 resolve 参数，不机械回填）
skip id=1267 （无 resolve 参数，不机械回填）
skip id=1268 （无 resolve 参数，不机械回填）
skip id=1269 （无 resolve 参数，不机械回填）
skip id=1270 （无 resolve 参数，不机械回填）
skip id=1271 （无 resolve 参数，不机械回填）
skip id=1272 （无 resolve 参数，不机械回填）
skip id=1273 （无 resolve 参数，不机械回填）
skip id=1274 （无 resolve 参数，不机械回填）
skip id=1275 （无 resolve 参数，不机械回填）
skip id=1276 （无 resolve 参数，不机械回填）
skip id=1277 （无 resolve 参数，不机械回填）
skip id=1278 （无 resolve 参数，不机械回填）
skip id=1279 （无 resolve 参数，不机械回填）
skip id=1280 （无 resolve 参数，不机械回填）
skip id=1281 （无 resolve 参数，不机械回填）
skip id=1282 （无 resolve 参数，不机械回填）
skip id=1283 （无 resolve 参数，不机械回填）
skip id=1284 （无 resolve 参数，不机械回填）
skip id=1285 （无 resolve 参数，不机械回填）
skip id=1286 （无 resolve 参数，不机械回填）
skip id=1287 （无 resolve 参数，不机械回填）
skip id=1288 （无 resolve 参数，不机械回填）
skip id=1289 （无 resolve 参数，不机械回填）
skip id=1290 （无 resolve 参数，不机械回填）
skip id=1291 （无 resolve 参数，不机械回填）
skip id=1292 （无 resolve 参数，不机械回填）
skip id=1293 （无 resolve 参数，不机械回填）
skip id=1294 （无 resolve 参数，不机械回填）
skip id=1295 （无 resolve 参数，不机械回填）
skip id=1296 （无 resolve 参数，不机械回填）
skip id=1297 （无 resolve 参数，不机械回填）
skip id=1298 （无 resolve 参数，不机械回填）
skip id=1299 （无 resolve 参数，不机械回填）
skip id=1300 （无 resolve 参数，不机械回填）
skip id=1301 （无 resolve 参数，不机械回填）
skip id=1302 （无 resolve 参数，不机械回填）
skip id=1303 （无 resolve 参数，不机械回填）
skip id=1304 （无 resolve 参数，不机械回填）
skip id=1305 （无 resolve 参数，不机械回填）
skip id=1306 （无 resolve 参数，不机械回填）
skip id=1307 （无 resolve 参数，不机械回填）
skip id=1308 （无 resolve 参数，不机械回填）
skip id=1309 （无 resolve 参数，不机械回填）
skip id=1310 （无 resolve 参数，不机械回填）
skip id=1311 （无 resolve 参数，不机械回填）
skip id=1312 （无 resolve 参数，不机械回填）
skip id=1313 （无 resolve 参数，不机械回填）
skip id=1314 （无 resolve 参数，不机械回填）
skip id=1315 （无 resolve 参数，不机械回填）
skip id=1316 （无 resolve 参数，不机械回填）
skip id=1317 （无 resolve 参数，不机械回填）
skip id=1318 （无 resolve 参数，不机械回填）
skip id=1319 （无 resolve 参数，不机械回填）
skip id=1320 （无 resolve 参数，不机械回填）
skip id=1321 （无 resolve 参数，不机械回填）
skip id=1322 （无 resolve 参数，不机械回填）
skip id=1323 （无 resolve 参数，不机械回填）
skip id=1324 （无 resolve 参数，不机械回填）
skip id=1325 （无 resolve 参数，不机械回填）
skip id=1326 （无 resolve 参数，不机械回填）
skip id=1327 （无 resolve 参数，不机械回填）
skip id=1328 （无 resolve 参数，不机械回填）
skip id=1329 （无 resolve 参数，不机械回填）
skip id=1330 （无 resolve 参数，不机械回填）
skip id=1331 （无 resolve 参数，不机械回填）
skip id=1332 （无 resolve 参数，不机械回填）
skip id=1333 （无 resolve 参数，不机械回填）
skip id=1334 （无 resolve 参数，不机械回填）
skip id=1335 （无 resolve 参数，不机械回填）
skip id=1336 （无 resolve 参数，不机械回填）
skip id=1337 （无 resolve 参数，不机械回填）
skip id=1338 （无 resolve 参数，不机械回填）
skip id=1339 （无 resolve 参数，不机械回填）
skip id=1340 （无 resolve 参数，不机械回填）
skip id=1341 （无 resolve 参数，不机械回填）
skip id=1342 （无 resolve 参数，不机械回填）
skip id=1343 （无 resolve 参数，不机械回填）
skip id=1344 （无 resolve 参数，不机械回填）
skip id=1345 （无 resolve 参数，不机械回填）
skip id=1346 （无 resolve 参数，不机械回填）
skip id=1347 （无 resolve 参数，不机械回填）
skip id=1348 （无 resolve 参数，不机械回填）
skip id=1349 （无 resolve 参数，不机械回填）
skip id=1350 （无 resolve 参数，不机械回填）
skip id=1351 （无 resolve 参数，不机械回填）
skip id=1352 （无 resolve 参数，不机械回填）
skip id=1353 （无 resolve 参数，不机械回填）
skip id=1354 （无 resolve 参数，不机械回填）
skip id=1355 （无 resolve 参数，不机械回填）
skip id=1356 （无 resolve 参数，不机械回填）
skip id=1357 （无 resolve 参数，不机械回填）
skip id=1358 （无 resolve 参数，不机械回填）
skip id=1359 （无 resolve 参数，不机械回填）
skip id=1360 （无 resolve 参数，不机械回填）
skip id=1361 （无 resolve 参数，不机械回填）
skip id=1362 （无 resolve 参数，不机械回填）
skip id=1363 （无 resolve 参数，不机械回填）
skip id=1364 （无 resolve 参数，不机械回填）
skip id=1365 （无 resolve 参数，不机械回填）
skip id=1366 （无 resolve 参数，不机械回填）
skip id=1367 （无 resolve 参数，不机械回填）
skip id=1368 （无 resolve 参数，不机械回填）
skip id=1369 （无 resolve 参数，不机械回填）
skip id=1370 （无 resolve 参数，不机械回填）
skip id=1371 （无 resolve 参数，不机械回填）
skip id=1372 （无 resolve 参数，不机械回填）
skip id=1373 （无 resolve 参数，不机械回填）
skip id=1374 （无 resolve 参数，不机械回填）
skip id=1375 （无 resolve 参数，不机械回填）
skip id=1376 （无 resolve 参数，不机械回填）
skip id=1377 （无 resolve 参数，不机械回填）
skip id=1378 （无 resolve 参数，不机械回填）
skip id=1379 （无 resolve 参数，不机械回填）
skip id=1380 （无 resolve 参数，不机械回填）
skip id=1381 （无 resolve 参数，不机械回填）
skip id=1382 （无 resolve 参数，不机械回填）
skip id=1383 （无 resolve 参数，不机械回填）
skip id=1384 （无 resolve 参数，不机械回填）
skip id=1385 （无 resolve 参数，不机械回填）
skip id=1386 （无 resolve 参数，不机械回填）
skip id=1387 （无 resolve 参数，不机械回填）
skip id=1388 （无 resolve 参数，不机械回填）
skip id=1389 （无 resolve 参数，不机械回填）
skip id=1390 （无 resolve 参数，不机械回填）
skip id=1391 （无 resolve 参数，不机械回填）
skip id=1392 （无 resolve 参数，不机械回填）
skip id=1393 （无 resolve 参数，不机械回填）
skip id=1394 （无 resolve 参数，不机械回填）
skip id=1395 （无 resolve 参数，不机械回填）
skip id=1396 （无 resolve 参数，不机械回填）
skip id=1397 （无 resolve 参数，不机械回填）
skip id=1398 （无 resolve 参数，不机械回填）
skip id=1399 （无 resolve 参数，不机械回填）
skip id=1400 （无 resolve 参数，不机械回填）
skip id=1401 （无 resolve 参数，不机械回填）
skip id=1402 （无 resolve 参数，不机械回填）
skip id=1403 （无 resolve 参数，不机械回填）
skip id=1404 （无 resolve 参数，不机械回填）
skip id=1405 （无 resolve 参数，不机械回填）
skip id=1406 （无 resolve 参数，不机械回填）
skip id=1407 （无 resolve 参数，不机械回填）
skip id=1408 （无 resolve 参数，不机械回填）
skip id=1409 （无 resolve 参数，不机械回填）
skip id=1410 （无 resolve 参数，不机械回填）
skip id=1411 （无 resolve 参数，不机械回填）
skip id=1412 （无 resolve 参数，不机械回填）
skip id=1413 （无 resolve 参数，不机械回填）
skip id=1414 （无 resolve 参数，不机械回填）
skip id=1415 （无 resolve 参数，不机械回填）
skip id=1416 （无 resolve 参数，不机械回填）
skip id=1417 （无 resolve 参数，不机械回填）
skip id=1418 （无 resolve 参数，不机械回填）
skip id=1419 （无 resolve 参数，不机械回填）
skip id=1420 （无 resolve 参数，不机械回填）
skip id=1421 （无 resolve 参数，不机械回填）
skip id=1422 （无 resolve 参数，不机械回填）
skip id=1423 （无 resolve 参数，不机械回填）
skip id=1424 （无 resolve 参数，不机械回填）
skip id=1425 （无 resolve 参数，不机械回填）
skip id=1426 （无 resolve 参数，不机械回填）
skip id=1427 （无 resolve 参数，不机械回填）
skip id=1428 （无 resolve 参数，不机械回填）
skip id=1429 （无 resolve 参数，不机械回填）
skip id=1430 （无 resolve 参数，不机械回填）
skip id=1431 （无 resolve 参数，不机械回填）
skip id=1432 （无 resolve 参数，不机械回填）
skip id=1433 （无 resolve 参数，不机械回填）
skip id=1434 （无 resolve 参数，不机械回填）
skip id=1435 （无 resolve 参数，不机械回填）
skip id=1436 （无 resolve 参数，不机械回填）
skip id=1437 （无 resolve 参数，不机械回填）
skip id=1438 （无 resolve 参数，不机械回填）
skip id=1439 （无 resolve 参数，不机械回填）
skip id=1440 （无 resolve 参数，不机械回填）
skip id=1441 （无 resolve 参数，不机械回填）
skip id=1442 （无 resolve 参数，不机械回填）
skip id=1443 （无 resolve 参数，不机械回填）
skip id=1444 （无 resolve 参数，不机械回填）
skip id=1445 （无 resolve 参数，不机械回填）
skip id=1446 （无 resolve 参数，不机械回填）
skip id=1447 （无 resolve 参数，不机械回填）
skip id=1448 （无 resolve 参数，不机械回填）
skip id=1449 （无 resolve 参数，不机械回填）
skip id=1450 （无 resolve 参数，不机械回填）
skip id=1451 （无 resolve 参数，不机械回填）
skip id=1452 （无 resolve 参数，不机械回填）
skip id=1453 （无 resolve 参数，不机械回填）
skip id=1454 （无 resolve 参数，不机械回填）
skip id=1455 （无 resolve 参数，不机械回填）
skip id=1456 （无 resolve 参数，不机械回填）
skip id=1457 （无 resolve 参数，不机械回填）
skip id=1458 （无 resolve 参数，不机械回填）
skip id=1459 （无 resolve 参数，不机械回填）
skip id=1460 （无 resolve 参数，不机械回填）
skip id=1461 （无 resolve 参数，不机械回填）
skip id=1462 （无 resolve 参数，不机械回填）
skip id=1463 （无 resolve 参数，不机械回填）
skip id=1464 （无 resolve 参数，不机械回填）
skip id=1465 （无 resolve 参数，不机械回填）
skip id=1466 （无 resolve 参数，不机械回填）
skip id=1467 （无 resolve 参数，不机械回填）
skip id=1468 （无 resolve 参数，不机械回填）
skip id=1469 （无 resolve 参数，不机械回填）
skip id=1470 （无 resolve 参数，不机械回填）
skip id=1471 （无 resolve 参数，不机械回填）
skip id=1472 （无 resolve 参数，不机械回填）
skip id=1473 （无 resolve 参数，不机械回填）
skip id=1474 （无 resolve 参数，不机械回填）
skip id=1475 （无 resolve 参数，不机械回填）
skip id=1476 （无 resolve 参数，不机械回填）
skip id=1477 （无 resolve 参数，不机械回填）
skip id=1478 （无 resolve 参数，不机械回填）
skip id=1479 （无 resolve 参数，不机械回填）
skip id=1480 （无 resolve 参数，不机械回填）
skip id=1481 （无 resolve 参数，不机械回填）
skip id=1482 （无 resolve 参数，不机械回填）
skip id=1483 （无 resolve 参数，不机械回填）
skip id=1484 （无 resolve 参数，不机械回填）
skip id=1485 （无 resolve 参数，不机械回填）
skip id=1486 （无 resolve 参数，不机械回填）
skip id=1487 （无 resolve 参数，不机械回填）
skip id=1488 （无 resolve 参数，不机械回填）
skip id=1489 （无 resolve 参数，不机械回填）
skip id=1490 （无 resolve 参数，不机械回填）
skip id=1491 （无 resolve 参数，不机械回填）
skip id=1492 （无 resolve 参数，不机械回填）
skip id=1493 （无 resolve 参数，不机械回填）
skip id=1494 （无 resolve 参数，不机械回填）
skip id=1495 （无 resolve 参数，不机械回填）
skip id=1496 （无 resolve 参数，不机械回填）
skip id=1497 （无 resolve 参数，不机械回填）
skip id=1498 （无 resolve 参数，不机械回填）
skip id=1499 （无 resolve 参数，不机械回填）
skip id=1500 （无 resolve 参数，不机械回填）
skip id=1501 （无 resolve 参数，不机械回填）
skip id=1502 （无 resolve 参数，不机械回填）
skip id=1503 （无 resolve 参数，不机械回填）
skip id=1504 （无 resolve 参数，不机械回填）
skip id=1505 （无 resolve 参数，不机械回填）
skip id=1506 （无 resolve 参数，不机械回填）
skip id=1507 （无 resolve 参数，不机械回填）
skip id=1508 （无 resolve 参数，不机械回填）
skip id=1509 （无 resolve 参数，不机械回填）
skip id=1510 （无 resolve 参数，不机械回填）
skip id=1511 （无 resolve 参数，不机械回填）
skip id=1512 （无 resolve 参数，不机械回填）
skip id=1513 （无 resolve 参数，不机械回填）
skip id=1514 （无 resolve 参数，不机械回填）
skip id=1515 （无 resolve 参数，不机械回填）
skip id=1516 （无 resolve 参数，不机械回填）
skip id=1517 （无 resolve 参数，不机械回填）
skip id=1518 （无 resolve 参数，不机械回填）
skip id=1519 （无 resolve 参数，不机械回填）
skip id=1520 （无 resolve 参数，不机械回填）
skip id=1521 （无 resolve 参数，不机械回填）
skip id=1522 （无 resolve 参数，不机械回填）
skip id=1523 （无 resolve 参数，不机械回填）
skip id=1524 （无 resolve 参数，不机械回填）
skip id=1525 （无 resolve 参数，不机械回填）
skip id=1526 （无 resolve 参数，不机械回填）
skip id=1527 （无 resolve 参数，不机械回填）
skip id=1528 （无 resolve 参数，不机械回填）
skip id=1529 （无 resolve 参数，不机械回填）
skip id=1530 （无 resolve 参数，不机械回填）
skip id=1531 （无 resolve 参数，不机械回填）
skip id=1532 （无 resolve 参数，不机械回填）
skip id=1533 （无 resolve 参数，不机械回填）
skip id=1534 （无 resolve 参数，不机械回填）
skip id=1535 （无 resolve 参数，不机械回填）
skip id=1536 （无 resolve 参数，不机械回填）
skip id=1537 （无 resolve 参数，不机械回填）
skip id=1538 （无 resolve 参数，不机械回填）
skip id=1539 （无 resolve 参数，不机械回填）
skip id=1540 （无 resolve 参数，不机械回填）
skip id=1541 （无 resolve 参数，不机械回填）
skip id=1542 （无 resolve 参数，不机械回填）
skip id=1543 （无 resolve 参数，不机械回填）
skip id=1544 （无 resolve 参数，不机械回填）
skip id=1545 （无 resolve 参数，不机械回填）
skip id=1546 （无 resolve 参数，不机械回填）
skip id=1547 （无 resolve 参数，不机械回填）
skip id=1548 （无 resolve 参数，不机械回填）
skip id=1549 （无 resolve 参数，不机械回填）
skip id=1550 （无 resolve 参数，不机械回填）
skip id=1551 （无 resolve 参数，不机械回填）
skip id=1552 （无 resolve 参数，不机械回填）
skip id=1553 （无 resolve 参数，不机械回填）
skip id=1554 （无 resolve 参数，不机械回填）
skip id=1555 （无 resolve 参数，不机械回填）
skip id=1556 （无 resolve 参数，不机械回填）
skip id=1557 （无 resolve 参数，不机械回填）
skip id=1558 （无 resolve 参数，不机械回填）
skip id=1559 （无 resolve 参数，不机械回填）
skip id=1560 （无 resolve 参数，不机械回填）
skip id=1561 （无 resolve 参数，不机械回填）
skip id=1562 （无 resolve 参数，不机械回填）
skip id=1563 （无 resolve 参数，不机械回填）
skip id=1564 （无 resolve 参数，不机械回填）
skip id=1565 （无 resolve 参数，不机械回填）
skip id=1566 （无 resolve 参数，不机械回填）
skip id=1567 （无 resolve 参数，不机械回填）
skip id=1568 （无 resolve 参数，不机械回填）
skip id=1569 （无 resolve 参数，不机械回填）
skip id=1570 （无 resolve 参数，不机械回填）
skip id=1571 （无 resolve 参数，不机械回填）
skip id=1572 （无 resolve 参数，不机械回填）
skip id=1573 （无 resolve 参数，不机械回填）
skip id=1574 （无 resolve 参数，不机械回填）
skip id=1575 （无 resolve 参数，不机械回填）
skip id=1576 （无 resolve 参数，不机械回填）
skip id=1577 （无 resolve 参数，不机械回填）
skip id=1578 （无 resolve 参数，不机械回填）
skip id=1579 （无 resolve 参数，不机械回填）
skip id=1580 （无 resolve 参数，不机械回填）
skip id=1581 （无 resolve 参数，不机械回填）
skip id=1582 （无 resolve 参数，不机械回填）
skip id=1583 （无 resolve 参数，不机械回填）
skip id=1584 （无 resolve 参数，不机械回填）
skip id=1585 （无 resolve 参数，不机械回填）
skip id=1586 （无 resolve 参数，不机械回填）
skip id=1587 （无 resolve 参数，不机械回填）
skip id=1588 （无 resolve 参数，不机械回填）
skip id=1589 （无 resolve 参数，不机械回填）
skip id=1590 （无 resolve 参数，不机械回填）
skip id=1591 （无 resolve 参数，不机械回填）
skip id=1592 （无 resolve 参数，不机械回填）
skip id=1593 （无 resolve 参数，不机械回填）
skip id=1594 （无 resolve 参数，不机械回填）
skip id=1595 （无 resolve 参数，不机械回填）
skip id=1596 （无 resolve 参数，不机械回填）
skip id=1597 （无 resolve 参数，不机械回填）
skip id=1598 （无 resolve 参数，不机械回填）
skip id=1599 （无 resolve 参数，不机械回填）
skip id=1600 （无 resolve 参数，不机械回填）
skip id=1601 （无 resolve 参数，不机械回填）
skip id=1602 （无 resolve 参数，不机械回填）
skip id=1603 （无 resolve 参数，不机械回填）
skip id=1604 （无 resolve 参数，不机械回填）
skip id=1605 （无 resolve 参数，不机械回填）
skip id=1606 （无 resolve 参数，不机械回填）
skip id=1607 （无 resolve 参数，不机械回填）
skip id=1608 （无 resolve 参数，不机械回填）
skip id=1609 （无 resolve 参数，不机械回填）
skip id=1610 （无 resolve 参数，不机械回填）
skip id=1611 （无 resolve 参数，不机械回填）
skip id=1612 （无 resolve 参数，不机械回填）
skip id=1613 （无 resolve 参数，不机械回填）
skip id=1614 （无 resolve 参数，不机械回填）
skip id=1615 （无 resolve 参数，不机械回填）
skip id=1616 （无 resolve 参数，不机械回填）
skip id=1617 （无 resolve 参数，不机械回填）
skip id=1618 （无 resolve 参数，不机械回填）
skip id=1619 （无 resolve 参数，不机械回填）
skip id=1620 （无 resolve 参数，不机械回填）
skip id=1621 （无 resolve 参数，不机械回填）
skip id=1622 （无 resolve 参数，不机械回填）
skip id=1623 （无 resolve 参数，不机械回填）
skip id=1624 （无 resolve 参数，不机械回填）
skip id=1625 （无 resolve 参数，不机械回填）
skip id=1626 （无 resolve 参数，不机械回填）
skip id=1627 （无 resolve 参数，不机械回填）
skip id=1628 （无 resolve 参数，不机械回填）
skip id=1629 （无 resolve 参数，不机械回填）
skip id=1630 （无 resolve 参数，不机械回填）
skip id=1631 （无 resolve 参数，不机械回填）
skip id=1632 （无 resolve 参数，不机械回填）
skip id=1633 （无 resolve 参数，不机械回填）
skip id=1634 （无 resolve 参数，不机械回填）
skip id=1635 （无 resolve 参数，不机械回填）
skip id=1636 （无 resolve 参数，不机械回填）
skip id=1637 （无 resolve 参数，不机械回填）
skip id=1638 （无 resolve 参数，不机械回填）
skip id=1639 （无 resolve 参数，不机械回填）
skip id=1640 （无 resolve 参数，不机械回填）
skip id=1641 （无 resolve 参数，不机械回填）
skip id=1642 （无 resolve 参数，不机械回填）
skip id=1643 （无 resolve 参数，不机械回填）
skip id=1644 （无 resolve 参数，不机械回填）
skip id=1645 （无 resolve 参数，不机械回填）
skip id=1646 （无 resolve 参数，不机械回填）
skip id=1647 （无 resolve 参数，不机械回填）
skip id=1648 （无 resolve 参数，不机械回填）
skip id=1649 （无 resolve 参数，不机械回填）
skip id=1650 （无 resolve 参数，不机械回填）
skip id=1651 （无 resolve 参数，不机械回填）
skip id=1652 （无 resolve 参数，不机械回填）
skip id=1653 （无 resolve 参数，不机械回填）
skip id=1654 （无 resolve 参数，不机械回填）
skip id=1655 （无 resolve 参数，不机械回填）
skip id=1656 （无 resolve 参数，不机械回填）
skip id=1657 （无 resolve 参数，不机械回填）
skip id=1658 （无 resolve 参数，不机械回填）
skip id=1659 （无 resolve 参数，不机械回填）
skip id=1660 （无 resolve 参数，不机械回填）
skip id=1661 （无 resolve 参数，不机械回填）
skip id=1662 （无 resolve 参数，不机械回填）
skip id=1663 （无 resolve 参数，不机械回填）
skip id=1664 （无 resolve 参数，不机械回填）
skip id=1665 （无 resolve 参数，不机械回填）
skip id=1666 （无 resolve 参数，不机械回填）
skip id=1667 （无 resolve 参数，不机械回填）
skip id=1668 （无 resolve 参数，不机械回填）
skip id=1669 （无 resolve 参数，不机械回填）
skip id=1670 （无 resolve 参数，不机械回填）
skip id=1671 （无 resolve 参数，不机械回填）
skip id=1672 （无 resolve 参数，不机械回填）
skip id=1673 （无 resolve 参数，不机械回填）
skip id=1674 （无 resolve 参数，不机械回填）
skip id=1675 （无 resolve 参数，不机械回填）
skip id=1676 （无 resolve 参数，不机械回填）
skip id=1677 （无 resolve 参数，不机械回填）
skip id=1678 （无 resolve 参数，不机械回填）
skip id=1679 （无 resolve 参数，不机械回填）
skip id=1680 （无 resolve 参数，不机械回填）
skip id=1681 （无 resolve 参数，不机械回填）
skip id=1682 （无 resolve 参数，不机械回填）
skip id=1683 （无 resolve 参数，不机械回填）
skip id=1684 （无 resolve 参数，不机械回填）
skip id=1685 （无 resolve 参数，不机械回填）
skip id=1686 （无 resolve 参数，不机械回填）
skip id=1687 （无 resolve 参数，不机械回填）
skip id=1688 （无 resolve 参数，不机械回填）
skip id=1689 （无 resolve 参数，不机械回填）
skip id=1690 （无 resolve 参数，不机械回填）
skip id=1691 （无 resolve 参数，不机械回填）
skip id=1692 （无 resolve 参数，不机械回填）
skip id=1693 （无 resolve 参数，不机械回填）
skip id=1694 （无 resolve 参数，不机械回填）
skip id=1695 （无 resolve 参数，不机械回填）
skip id=1696 （无 resolve 参数，不机械回填）
skip id=1697 （无 resolve 参数，不机械回填）
skip id=1698 （无 resolve 参数，不机械回填）
skip id=1699 （无 resolve 参数，不机械回填）
skip id=1700 （无 resolve 参数，不机械回填）
skip id=1701 （无 resolve 参数，不机械回填）
skip id=1702 （无 resolve 参数，不机械回填）
skip id=1703 （无 resolve 参数，不机械回填）
skip id=1704 （无 resolve 参数，不机械回填）
skip id=1705 （无 resolve 参数，不机械回填）
skip id=1706 （无 resolve 参数，不机械回填）
skip id=1707 （无 resolve 参数，不机械回填）
skip id=1708 （无 resolve 参数，不机械回填）
skip id=1709 （无 resolve 参数，不机械回填）
skip id=1710 （无 resolve 参数，不机械回填）
skip id=1711 （无 resolve 参数，不机械回填）
skip id=1712 （无 resolve 参数，不机械回填）
skip id=1713 （无 resolve 参数，不机械回填）
skip id=1714 （无 resolve 参数，不机械回填）
skip id=1715 （无 resolve 参数，不机械回填）
skip id=1716 （无 resolve 参数，不机械回填）
skip id=1717 （无 resolve 参数，不机械回填）
skip id=1718 （无 resolve 参数，不机械回填）
skip id=1719 （无 resolve 参数，不机械回填）
skip id=1720 （无 resolve 参数，不机械回填）
skip id=1721 （无 resolve 参数，不机械回填）
skip id=1722 （无 resolve 参数，不机械回填）
skip id=1723 （无 resolve 参数，不机械回填）
skip id=1724 （无 resolve 参数，不机械回填）
skip id=1725 （无 resolve 参数，不机械回填）
skip id=1726 （无 resolve 参数，不机械回填）
skip id=1727 （无 resolve 参数，不机械回填）
skip id=1728 （无 resolve 参数，不机械回填）
skip id=1729 （无 resolve 参数，不机械回填）
skip id=1730 （无 resolve 参数，不机械回填）
skip id=1731 （无 resolve 参数，不机械回填）
skip id=1732 （无 resolve 参数，不机械回填）
skip id=1733 （无 resolve 参数，不机械回填）
skip id=1734 （无 resolve 参数，不机械回填）
skip id=1735 （无 resolve 参数，不机械回填）
skip id=1736 （无 resolve 参数，不机械回填）
skip id=1737 （无 resolve 参数，不机械回填）
skip id=1738 （无 resolve 参数，不机械回填）
skip id=1739 （无 resolve 参数，不机械回填）
skip id=1740 （无 resolve 参数，不机械回填）
skip id=1741 （无 resolve 参数，不机械回填）
skip id=1742 （无 resolve 参数，不机械回填）
skip id=1743 （无 resolve 参数，不机械回填）
skip id=1744 （无 resolve 参数，不机械回填）
skip id=1745 （无 resolve 参数，不机械回填）
skip id=1746 （无 resolve 参数，不机械回填）
skip id=1747 （无 resolve 参数，不机械回填）
skip id=1748 （无 resolve 参数，不机械回填）
skip id=1749 （无 resolve 参数，不机械回填）
skip id=1750 （无 resolve 参数，不机械回填）
skip id=1751 （无 resolve 参数，不机械回填）
skip id=1752 （无 resolve 参数，不机械回填）
skip id=1753 （无 resolve 参数，不机械回填）
skip id=1754 （无 resolve 参数，不机械回填）
skip id=1755 （无 resolve 参数，不机械回填）
skip id=1756 （无 resolve 参数，不机械回填）
skip id=1757 （无 resolve 参数，不机械回填）
skip id=1758 （无 resolve 参数，不机械回填）
skip id=1759 （无 resolve 参数，不机械回填）
skip id=1760 （无 resolve 参数，不机械回填）
skip id=1761 （无 resolve 参数，不机械回填）
skip id=1762 （无 resolve 参数，不机械回填）
skip id=1763 （无 resolve 参数，不机械回填）
skip id=1764 （无 resolve 参数，不机械回填）
skip id=1765 （无 resolve 参数，不机械回填）
skip id=1766 （无 resolve 参数，不机械回填）
skip id=1767 （无 resolve 参数，不机械回填）
skip id=1768 （无 resolve 参数，不机械回填）
skip id=1769 （无 resolve 参数，不机械回填）
skip id=1770 （无 resolve 参数，不机械回填）
skip id=1771 （无 resolve 参数，不机械回填）
skip id=1772 （无 resolve 参数，不机械回填）
skip id=1773 （无 resolve 参数，不机械回填）
skip id=1774 （无 resolve 参数，不机械回填）
skip id=1775 （无 resolve 参数，不机械回填）
skip id=1776 （无 resolve 参数，不机械回填）
skip id=1777 （无 resolve 参数，不机械回填）
skip id=1778 （无 resolve 参数，不机械回填）
skip id=1779 （无 resolve 参数，不机械回填）
skip id=1780 （无 resolve 参数，不机械回填）
skip id=1781 （无 resolve 参数，不机械回填）
skip id=1782 （无 resolve 参数，不机械回填）
skip id=1783 （无 resolve 参数，不机械回填）
skip id=1784 （无 resolve 参数，不机械回填）
skip id=1785 （无 resolve 参数，不机械回填）
skip id=1786 （无 resolve 参数，不机械回填）
skip id=1787 （无 resolve 参数，不机械回填）
skip id=1788 （无 resolve 参数，不机械回填）
skip id=1789 （无 resolve 参数，不机械回填）
skip id=1790 （无 resolve 参数，不机械回填）
skip id=1791 （无 resolve 参数，不机械回填）
skip id=1792 （无 resolve 参数，不机械回填）
skip id=1793 （无 resolve 参数，不机械回填）
skip id=1794 （无 resolve 参数，不机械回填）
skip id=1795 （无 resolve 参数，不机械回填）
skip id=1796 （无 resolve 参数，不机械回填）
skip id=1797 （无 resolve 参数，不机械回填）
skip id=1798 （无 resolve 参数，不机械回填）
skip id=1799 （无 resolve 参数，不机械回填）
skip id=1800 （无 resolve 参数，不机械回填）
skip id=1801 （无 resolve 参数，不机械回填）
skip id=1802 （无 resolve 参数，不机械回填）
skip id=1803 （无 resolve 参数，不机械回填）
skip id=1804 （无 resolve 参数，不机械回填）
skip id=1805 （无 resolve 参数，不机械回填）
skip id=1806 （无 resolve 参数，不机械回填）
skip id=1807 （无 resolve 参数，不机械回填）
skip id=1808 （无 resolve 参数，不机械回填）
skip id=1809 （无 resolve 参数，不机械回填）
skip id=1810 （无 resolve 参数，不机械回填）
skip id=1811 （无 resolve 参数，不机械回填）
skip id=1812 （无 resolve 参数，不机械回填）
skip id=1813 （无 resolve 参数，不机械回填）
skip id=1814 （无 resolve 参数，不机械回填）
skip id=1815 （无 resolve 参数，不机械回填）
skip id=1816 （无 resolve 参数，不机械回填）
skip id=1817 （无 resolve 参数，不机械回填）
skip id=1818 （无 resolve 参数，不机械回填）
skip id=1819 （无 resolve 参数，不机械回填）
skip id=1820 （无 resolve 参数，不机械回填）
skip id=1821 （无 resolve 参数，不机械回填）
skip id=1822 （无 resolve 参数，不机械回填）
skip id=1823 （无 resolve 参数，不机械回填）
skip id=1824 （无 resolve 参数，不机械回填）
skip id=1825 （无 resolve 参数，不机械回填）
skip id=1826 （无 resolve 参数，不机械回填）
skip id=1827 （无 resolve 参数，不机械回填）
skip id=1828 （无 resolve 参数，不机械回填）
skip id=1829 （无 resolve 参数，不机械回填）
skip id=1830 （无 resolve 参数，不机械回填）
skip id=1831 （无 resolve 参数，不机械回填）
skip id=1832 （无 resolve 参数，不机械回填）
skip id=1833 （无 resolve 参数，不机械回填）
skip id=1834 （无 resolve 参数，不机械回填）
skip id=1835 （无 resolve 参数，不机械回填）
skip id=1836 （无 resolve 参数，不机械回填）
skip id=1837 （无 resolve 参数，不机械回填）
skip id=1838 （无 resolve 参数，不机械回填）
skip id=1839 （无 resolve 参数，不机械回填）
skip id=1840 （无 resolve 参数，不机械回填）
skip id=1841 （无 resolve 参数，不机械回填）
skip id=1842 （无 resolve 参数，不机械回填）
skip id=1843 （无 resolve 参数，不机械回填）
skip id=1844 （无 resolve 参数，不机械回填）
skip id=1845 （无 resolve 参数，不机械回填）
skip id=1846 （无 resolve 参数，不机械回填）
skip id=1847 （无 resolve 参数，不机械回填）
skip id=1848 （无 resolve 参数，不机械回填）
skip id=1849 （无 resolve 参数，不机械回填）
skip id=1850 （无 resolve 参数，不机械回填）
skip id=1851 （无 resolve 参数，不机械回填）
skip id=1852 （无 resolve 参数，不机械回填）
skip id=1853 （无 resolve 参数，不机械回填）
skip id=1854 （无 resolve 参数，不机械回填）
skip id=1855 （无 resolve 参数，不机械回填）
skip id=1856 （无 resolve 参数，不机械回填）
skip id=1857 （无 resolve 参数，不机械回填）
skip id=1858 （无 resolve 参数，不机械回填）
skip id=1859 （无 resolve 参数，不机械回填）
skip id=1860 （无 resolve 参数，不机械回填）
skip id=1861 （无 resolve 参数，不机械回填）
skip id=1862 （无 resolve 参数，不机械回填）
skip id=1863 （无 resolve 参数，不机械回填）
skip id=1864 （无 resolve 参数，不机械回填）
skip id=1865 （无 resolve 参数，不机械回填）
skip id=1866 （无 resolve 参数，不机械回填）
skip id=1867 （无 resolve 参数，不机械回填）
skip id=1868 （无 resolve 参数，不机械回填）
skip id=1869 （无 resolve 参数，不机械回填）
skip id=1870 （无 resolve 参数，不机械回填）
skip id=1871 （无 resolve 参数，不机械回填）
skip id=1872 （无 resolve 参数，不机械回填）
skip id=1873 （无 resolve 参数，不机械回填）
skip id=1874 （无 resolve 参数，不机械回填）
skip id=1875 （无 resolve 参数，不机械回填）
skip id=1876 （无 resolve 参数，不机械回填）
skip id=1877 （无 resolve 参数，不机械回填）
skip id=1878 （无 resolve 参数，不机械回填）
skip id=1879 （无 resolve 参数，不机械回填）
skip id=1880 （无 resolve 参数，不机械回填）
skip id=1881 （无 resolve 参数，不机械回填）
skip id=1882 （无 resolve 参数，不机械回填）
skip id=1883 （无 resolve 参数，不机械回填）
skip id=1884 （无 resolve 参数，不机械回填）
skip id=1885 （无 resolve 参数，不机械回填）
skip id=1886 （无 resolve 参数，不机械回填）
skip id=1887 （无 resolve 参数，不机械回填）
skip id=1888 （无 resolve 参数，不机械回填）
skip id=1889 （无 resolve 参数，不机械回填）
skip id=1890 （无 resolve 参数，不机械回填）
skip id=1891 （无 resolve 参数，不机械回填）
skip id=1892 （无 resolve 参数，不机械回填）
skip id=1893 （无 resolve 参数，不机械回填）
skip id=1894 （无 resolve 参数，不机械回填）
skip id=1895 （无 resolve 参数，不机械回填）
skip id=1896 （无 resolve 参数，不机械回填）
skip id=1897 （无 resolve 参数，不机械回填）
skip id=1898 （无 resolve 参数，不机械回填）
skip id=1899 （无 resolve 参数，不机械回填）
skip id=1900 （无 resolve 参数，不机械回填）
skip id=1901 （无 resolve 参数，不机械回填）
skip id=1902 （无 resolve 参数，不机械回填）
skip id=1903 （无 resolve 参数，不机械回填）
skip id=1904 （无 resolve 参数，不机械回填）
skip id=1905 （无 resolve 参数，不机械回填）
skip id=1906 （无 resolve 参数，不机械回填）
skip id=1907 （无 resolve 参数，不机械回填）
skip id=1908 （无 resolve 参数，不机械回填）
skip id=1909 （无 resolve 参数，不机械回填）
skip id=1910 （无 resolve 参数，不机械回填）
skip id=1911 （无 resolve 参数，不机械回填）
skip id=1912 （无 resolve 参数，不机械回填）
skip id=1913 （无 resolve 参数，不机械回填）
skip id=1914 （无 resolve 参数，不机械回填）
skip id=1915 （无 resolve 参数，不机械回填）
skip id=1916 （无 resolve 参数，不机械回填）
skip id=1917 （无 resolve 参数，不机械回填）
skip id=1918 （无 resolve 参数，不机械回填）
skip id=1919 （无 resolve 参数，不机械回填）
skip id=1920 （无 resolve 参数，不机械回填）
skip id=1921 （无 resolve 参数，不机械回填）
skip id=1922 （无 resolve 参数，不机械回填）
skip id=1923 （无 resolve 参数，不机械回填）
skip id=1924 （无 resolve 参数，不机械回填）
skip id=1925 （无 resolve 参数，不机械回填）
skip id=1926 （无 resolve 参数，不机械回填）
skip id=1927 （无 resolve 参数，不机械回填）
skip id=1928 （无 resolve 参数，不机械回填）
skip id=1929 （无 resolve 参数，不机械回填）
skip id=1930 （无 resolve 参数，不机械回填）
skip id=1931 （无 resolve 参数，不机械回填）
skip id=1932 （无 resolve 参数，不机械回填）
skip id=1933 （无 resolve 参数，不机械回填）
skip id=1934 （无 resolve 参数，不机械回填）
skip id=1935 （无 resolve 参数，不机械回填）
skip id=1936 （无 resolve 参数，不机械回填）
skip id=1937 （无 resolve 参数，不机械回填）
skip id=1938 （无 resolve 参数，不机械回填）
summary: resolved=102 pending=186 fetch-fail=2 confirm=true
