# 10 道抽验题 · 队长预核查（供你快速确认）

> 说明：这 10 题来自 ② 抽检清单（seed 20260914）。每题我先把「判据/真值锚/cutoff/基率」四项机械核一遍，
> 你只需判断**每题结论是否符合直觉**——不用自己重算。

## 1. id=1482（L2/past/kraken_daily_close）
- 题面：【backfill】Kraken BTC/USD 2026-09-09（UTC 日）日线收盘 >= 64312.90 USD
- 真值锚 kind：kraken_daily_close | 日期：2026-09-09 | 阈值/对象：有
- cutoff 合规（细则B：backfill=matures_at-1d）：2026-09-08 vs 事件日=2026-09-09 ⇒ PASS(严格早)
- 基率：回填·Kraken BTC/USD：cutoff 前 76 个日线收盘中 >= 64312.90 占 50.0%（分位 q=0.5）
- 机器段/语义段：PASS/PASS ⇒ 综合 PASS
- 队长核查标记：四项齐，无异常

## 2. id=1356（L3/past/openmeteo_archive_daily_wind_speed_10m_max）
- 题面：【backfill】曼谷 2026-09-10 日最大风速 >= 12.6 km/h（Open-Meteo ERA5）
- 真值锚 kind：openmeteo_archive_daily_wind_speed_10m_max | 日期：2026-09-10 | 阈值/对象：有
- cutoff 合规（细则B：backfill=matures_at-1d）：2026-09-09 vs 事件日=2026-09-10 ⇒ PASS(严格早)
- 基率：回填·曼谷：cutoff 前 97 天 日最大风速 中 >= 12.6 占 51.5%（分位 q=0.5）
- 机器段/语义段：PASS/PASS ⇒ 综合 PASS
- 队长核查标记：四项齐，无异常

## 3. id=1560（L3/past/openmeteo_air_daily_mean）
- 题面：【backfill】巴黎 2026-07-30 日 sulphur_dioxide 日均浓度 <= 2.3 μg/m³（cutoff=2026-07-29T23:59:59+08:00，严格早于该日；真值锚=Open-Meteo air-quality hourly.sulphur_dioxide 该日全小时均值。历史
- 真值锚 kind：openmeteo_air_daily_mean | 日期：2026-07-30 | 阈值/对象：有
- cutoff 合规（细则B：backfill=matures_at-1d）：2026-07-29 vs 事件日=2026-07-30 ⇒ PASS(严格早)
- 基率：回填·巴黎 sulphur_dioxide：cutoff 前 355 个日均中 >= 2.3 占 60.6%（分位 q=0.6）
- 机器段/语义段：PASS/PASS ⇒ 综合 PASS
- 队长核查标记：四项齐，无异常

## 4. id=1642（L3/past/openmeteo_air_daily_mean）
- 题面：【backfill】墨西哥城 2026-07-30 日 carbon_monoxide 日均浓度 <= 522.5 μg/m³（cutoff=2026-07-29T23:59:59+08:00，严格早于该日；真值锚=Open-Meteo air-quality hourly.carbon_monoxide 该日全小时均
- 真值锚 kind：openmeteo_air_daily_mean | 日期：2026-07-30 | 阈值/对象：有
- cutoff 合规（细则B：backfill=matures_at-1d）：2026-07-29 vs 事件日=2026-07-30 ⇒ PASS(严格早)
- 基率：回填·墨西哥城 carbon_monoxide：cutoff 前 355 个日均中 >= 522.5 占 40.3%（分位 q=0.4）
- 机器段/语义段：PASS/PASS ⇒ 综合 PASS
- 队长核查标记：四项齐，无异常

## 5. id=1535（L3/short/openmeteo_air_daily_mean）
- 题面：【forward】伦敦 2026-09-16 日 pm10 日均浓度 <= 11.9 μg/m³（cutoff=落库时点 2026-09-13T15:10:07+08:00，该日尚未发生；真值锚=Open-Meteo air-quality hourly.pm10 该日全小时均值。前瞻批次，真值未发生）
- 真值锚 kind：openmeteo_air_daily_mean | 日期：2026-09-16 | 阈值/对象：有
- cutoff 合规（细则B：forward=created_at）：2026-09-13 07:12:07 vs 事件日=2026-09-16 ⇒ PASS(严格早)
- 基率：前瞻·伦敦 pm10：cutoff 前 400 个日均中 >= 11.9 占 60.3%（分位 q=0.6）
- 机器段/语义段：PASS/PASS ⇒ 综合 PASS
- 队长核查标记：四项齐，无异常

## 6. id=1719（L2/short/noaa_tide_daily_high）
- 题面：【forward】NOAA 查尔斯顿（8665530） 2026-09-18 当日潮位最高小时值 >= 0.865 m（MSL）（cutoff=落库时点 2026-09-13T15:10:07+08:00，该日尚未到；潮汐为天文推算，当日即出真值。前瞻批次，真值未发生）
- 真值锚 kind：noaa_tide_daily_high | 日期：2026-09-18 | 阈值/对象：有
- cutoff 合规（细则B：forward=created_at）：2026-09-13 07:12:07 vs 事件日=2026-09-18 ⇒ PASS(严格早)
- 基率：前瞻·查尔斯顿：前 261 个日最高潮位中 >= 0.865 占 50.6%（分位 q=0.5）
- 机器段/语义段：PASS/PASS ⇒ 综合 PASS
- 队长核查标记：四项齐，无异常

## 7. id=1125（L2/short/elexon_fuelhh_daily_mean）
- 题面：【forward】英国电网 2026-09-14 日「风电」发电均值 >= 9306 MW（Elexon FUELHH）
- 真值锚 kind：elexon_fuelhh_daily_mean | 日期：2026-09-14 | 阈值/对象：有
- cutoff 合规（细则B：forward=created_at）：2026-09-12 18:55:26 vs 事件日=2026-09-14 ⇒ PASS(严格早)
- 基率：前瞻·UK/风电：近 19 天（2026-08-24~2026-09-11）日均中 >= 9306 占 31.6%（分位 q=0.7，pre-cutoff）
- 机器段/语义段：PASS/PASS ⇒ 综合 PASS
- 队长核查标记：四项齐，无异常

## 8. id=632（L3/short/openmeteo_forecast_daily_max）
- 题面：【forward】北京 2026-09-14 日最高气温 > 27°C（未来 1-3 天，亚洲）（cutoff=落库时点 2026-09-13T00:47:01+08:00，事件日尚未发生；真值锚=Open-Meteo forecast/archive daily.temperature_2m_max[2026-09-
- 真值锚 kind：openmeteo_forecast_daily_max | 日期：2026-09-14 | 阈值/对象：有
- cutoff 合规（细则B：forward=created_at）：2026-09-12 16:47:14 vs 事件日=2026-09-14 ⇒ PASS(严格早)
- 基率：前瞻·北京 09月：2015-2024 archive 同月 300 个日值中 max>27°C 占 45.0%（分位 q=0.5，严格大于口径）
- 机器段/语义段：PASS/PASS ⇒ 综合 PASS
- 队长核查标记：四项齐，无异常

## 9. id=1536（L3/past/openmeteo_air_daily_mean）
- 题面：【backfill】伦敦 2026-07-30 日 pm10 日均浓度 <= 13.2 μg/m³（cutoff=2026-07-29T23:59:59+08:00，严格早于该日；真值锚=Open-Meteo air-quality hourly.pm10 该日全小时均值。历史回填批次，非实时预测）
- 真值锚 kind：openmeteo_air_daily_mean | 日期：2026-07-30 | 阈值/对象：有
- cutoff 合规（细则B：backfill=matures_at-1d）：2026-07-29 vs 事件日=2026-07-30 ⇒ PASS(严格早)
- 基率：回填·伦敦 pm10：cutoff 前 355 个日均中 >= 13.2 占 70.1%（分位 q=0.7）
- 机器段/语义段：PASS/PASS ⇒ 综合 PASS
- 队长核查标记：四项齐，无异常

## 10. id=988（L2/long/binance_daily_close）
- 题面：【forward】BTC/USDT 2026-10-15（UTC 日）收盘价 >= 88839.04 USDT（cutoff=落库时点 2026-09-13T02:12:54+08:00，严格早于该 UTC 日（10 月）；真值锚=Binance klines [4]=close。10 月 realtime 补量批，真
- 真值锚 kind：binance_daily_close | 日期：2026-10-15 | 阈值/对象：有
- cutoff 合规（细则B：forward=created_at）：2026-09-12 18:13:06 vs 事件日=2026-10-15 ⇒ PASS(严格早)
- 基率：前瞻·BTC/USDT：cutoff 前 900 个日线收盘（2024-03-26~2026-09-11）中 >= 88839.04 占 40.0%（分位 q=0.6，pre-cutoff 现算）
- 机器段/语义段：PASS/PASS ⇒ 综合 PASS
- 队长核查标记：四项齐，无异常

## 汇总
- 四项齐（无异常）: 10/10
- 有标记的题: 无
