2026-09-11T13:24:06.685Z start
2026-09-11T13:24:06.686Z db init: E:\music player\p1a-terminal\data\p1a.db
2026-09-11T13:24:06.692Z game created id=37
2026-09-11T13:24:06.693Z roles assigned; wolves=5,6 anchors=2
2026-09-11T13:24:11.814Z night kill done target=2 calls=1
2026-09-11T13:24:11.815Z speech batch1 seats=1,3,4 start
2026-09-11T13:24:19.009Z speech seat=4 len=181 claims=1 calls=2
2026-09-11T13:24:22.658Z speech seat=3 len=167 claims=1 calls=3
2026-09-11T13:24:25.058Z speech seat=1 len=197 claims=3 calls=4
2026-09-11T13:24:25.059Z speech batch2 seats=5,6 start
2026-09-11T13:24:37.534Z speech seat=5 len=211 claims=2 calls=5
2026-09-11T13:25:00.740Z speech seat=6 len=201 claims=3 calls=7
2026-09-11T13:25:07.283Z vote seat=5 -> 1 calls=8
2026-09-11T13:25:10.143Z vote seat=4 -> 1 calls=9
2026-09-11T13:25:10.318Z vote seat=6 -> 3 calls=10
2026-09-11T13:25:13.391Z vote seat=3 -> 6 calls=11
2026-09-11T13:25:20.415Z vote seat=1 -> 5 calls=12
2026-09-11T13:25:20.416Z stage1 done gid=37 votes={"1":5,"3":6,"4":1,"5":1,"6":3}
2026-09-11T13:25:20.421Z start
2026-09-11T13:25:20.422Z stage2 start
2026-09-11T13:25:20.427Z exporting replay+truth+summary
