{
  "run_at": "2026-09-13T00:47:01+08:00",
  "confirm": true,
  "sources": {
    "weather": {
      "count": 98,
      "layer": "L3"
    },
    "fx": {
      "count": 8,
      "layer": "L2"
    },
    "quake": {
      "count": 0,
      "layer": null
    },
    "lotto": {
      "count": 6,
      "layer": "L5"
    }
  },
  "inserted": 112,
  "skipped": 0,
  "l0Gate_after": {
    "gate": "L0 只记不评：n≥30 局 ∧ 200 条前不评分，UI 数字只配「参考」；重言式题（tautology=1）不计入门禁",
    "games": 33,
    "records": 736,
    "records_valid": 706,
    "resolved": 602,
    "unresolved": 134,
    "review_unlocked": true
  },
  "samples": [
    "【forward】上海 2026-09-14 日最高气温 > 27°C（未来 1-3 天，亚洲）（cutoff=落库时点 2026-09-13T00:47:01+08:00，事件日尚未发生；真值锚=Open-Meteo forecast/archive daily.temperature_2m_max[2026-09-14]。前瞻批次，真值未发生）",
    "【forward】上海 2026-09-15 日最高气温 > 27°C（未来 1-3 天，亚洲）（cutoff=落库时点 2026-09-13T00:47:01+08:00，事件日尚未发生；真值锚=Open-Meteo forecast/archive daily.temperature_2m_max[2026-09-15]。前瞻批次，真值未发生）",
    "【forward】上海 2026-09-17 日最高气温 > 27°C（未来 4-7 天，亚洲）（cutoff=落库时点 2026-09-13T00:47:01+08:00，事件日尚未发生；真值锚=Open-Meteo forecast/archive daily.temperature_2m_max[2026-09-17]。前瞻批次，真值未发生）"
  ]
}