{
  "run_at": "2026-09-13T01:07:55+08:00",
  "confirm": true,
  "band": [
    0.15,
    0.85
  ],
  "target_months": [
    "2026-10",
    "2026-11"
  ],
  "thresh_per": 2,
  "sources": {
    "dbnomics": {
      "count": 80,
      "layer": "L2"
    },
    "lotto": {
      "count": 56,
      "layer": "L5"
    }
  },
  "built_in_band": 136,
  "resolve_target_dist": {
    "2026-10": 64,
    "2026-11": 40,
    "2026-09": 32
  },
  "created_game": {
    "game_type": "corpus:dlt",
    "id": 49
  },
  "games": {
    "corpus:dbnomics": 41,
    "corpus:cwl": 42,
    "corpus:dlt": 49
  },
  "inserted": 136,
  "skipped": 0,
  "l0Gate_after": {
    "gate": "L0 只记不评：n≥30 局 ∧ 200 条前不评分，UI 数字只配「参考」；重言式题（tautology=1）不计入门禁",
    "games": 34,
    "records": 872,
    "records_valid": 842,
    "resolved": 602,
    "unresolved": 270,
    "review_unlocked": true
  },
  "samples": [
    "【forward】2026-10 美元（M.USD.EUR.SP00.A）月均值 < 1.1678（cutoff=落库时点 2026-09-13T01:07:55+08:00，目标月 2026-10 尚未发生，月内观测发布即 resolve；真值锚=DBnomics ECB/EXR 同序列该月观测值。前瞻二轮）",
    "【forward】2026-11 美元（M.USD.EUR.SP00.A）月均值 < 1.1678（cutoff=落库时点 2026-09-13T01:07:55+08:00，目标月 2026-11 尚未发生，月内观测发布即 resolve；真值锚=DBnomics ECB/EXR 同序列该月观测值。前瞻二轮）"
  ],
  "samples_dlt": [
    "【forward】大乐透第 26105 期后区含 01（cutoff=落库时点 2026-09-13T01:07:55+08:00，该期尚未开奖；期号=上期 26104+1 年内序递推；预期开奖日 2026-09-14（周一/三/六口径，仅供标月）；真值锚=体彩官方 lotteryDrawResult。前瞻二轮）"
  ]
}