RUN_ID=f4f760aa50e1 烟测题: #91(structural),#92(structural),#96(structural),#98(structural),#101(structural),#93(proc_calc)
=== pred#91(structural) status=200 errors=0
  v1_evidence P=0.03 {"三段_事件":false,"三段_声称":false,"三段_机械":false,"Range":false,"P行":true,"结算泄漏":false,"runId":false}
  v2_skeptical P=0.8 {"三段_事件":false,"三段_声称":false,"三段_机械":false,"Range":false,"P行":true,"结算泄漏":false,"runId":false}
  v3_baserate P=0.58 {"三段_事件":false,"三段_声称":false,"三段_机械":false,"Range":false,"P行":true,"结算泄漏":false,"runId":false}
=== pred#92(structural) status=200 errors=1
  v2_skeptical P=0.32 {"三段_事件":false,"三段_声称":false,"三段_机械":false,"Range":false,"P行":true,"结算泄漏":false,"runId":false}
  v3_baserate P=0.57 {"三段_事件":false,"三段_声称":false,"三段_机械":false,"Range":false,"P行":true,"结算泄漏":false,"runId":false}
=== pred#96(structural) status=200 errors=0
  v1_evidence P=0.8 {"三段_事件":false,"三段_声称":false,"三段_机械":false,"Range":false,"P行":true,"结算泄漏":false,"runId":false}
  v2_skeptical P=0.78 {"三段_事件":false,"三段_声称":false,"三段_机械":false,"Range":false,"P行":true,"结算泄漏":false,"runId":false}
  v3_baserate P=0.58 {"三段_事件":false,"三段_声称":false,"三段_机械":false,"Range":false,"P行":true,"结算泄漏":false,"runId":false}
=== pred#98(structural) status=200 errors=1
  v2_skeptical P=0.72 {"三段_事件":false,"三段_声称":false,"三段_机械":false,"Range":false,"P行":true,"结算泄漏":false,"runId":false}
  v3_baserate P=0.58 {"三段_事件":false,"三段_声称":false,"三段_机械":false,"Range":false,"P行":true,"结算泄漏":false,"runId":false}
=== pred#101(structural) status=200 errors=1
  v2_skeptical P=0.35 {"三段_事件":false,"三段_声称":false,"三段_机械":false,"Range":false,"P行":true,"结算泄漏":false,"runId":false}
  v3_baserate P=0.58 {"三段_事件":false,"三段_声称":false,"三段_机械":false,"Range":false,"P行":true,"结算泄漏":false,"runId":false}
=== pred#93(proc_calc) status=200 errors=0
  v1_evidence P=0.78 {"三段_事件":false,"三段_声称":false,"三段_机械":false,"Range":false,"P行":true,"结算泄漏":false,"runId":false}
  v2_skeptical P=0.54 {"三段_事件":false,"三段_声称":false,"三段_机械":false,"Range":false,"P行":true,"结算泄漏":false,"runId":false}
  v3_baserate P=0.6 {"三段_事件":false,"三段_声称":false,"三段_机械":false,"Range":false,"P行":true,"结算泄漏":false,"runId":false}
