RUN_ID=f4f760aa50e1 烟测题: #91(structural),#92(structural),#96(structural),#98(structural),#101(structural),#93(proc_calc)
=== pred#91(structural) status=200 errors=0
  v1_evidence P=0.01 {"三段_事件":false,"三段_声称":false,"三段_机械":false,"Range":false,"P行":true,"结算泄漏":false,"runId":true}
  v2_skeptical P=0.79 {"三段_事件":false,"三段_声称":false,"三段_机械":false,"Range":false,"P行":true,"结算泄漏":false,"runId":true}
  v3_baserate P=0.58 {"三段_事件":false,"三段_声称":false,"三段_机械":false,"Range":false,"P行":true,"结算泄漏":false,"runId":true}
=== pred#92(structural) status=200 errors=1
  v2_skeptical P=0.3 {"三段_事件":false,"三段_声称":false,"三段_机械":false,"Range":false,"P行":true,"结算泄漏":false,"runId":true}
  v3_baserate P=0.58 {"三段_事件":false,"三段_声称":false,"三段_机械":false,"Range":false,"P行":true,"结算泄漏":false,"runId":true}
=== pred#96(structural) status=200 errors=0
  v1_evidence P=0.78 {"三段_事件":false,"三段_声称":false,"三段_机械":false,"Range":false,"P行":true,"结算泄漏":false,"runId":true}
  v2_skeptical P=0.78 {"三段_事件":false,"三段_声称":false,"三段_机械":false,"Range":false,"P行":true,"结算泄漏":false,"runId":true}
  v3_baserate P=0.58 {"三段_事件":false,"三段_声称":false,"三段_机械":false,"Range":false,"P行":true,"结算泄漏":false,"runId":true}
=== pred#98(structural) status=200 errors=0
  v1_evidence P=0.78 {"三段_事件":false,"三段_声称":false,"三段_机械":false,"Range":false,"P行":true,"结算泄漏":false,"runId":true}
  v2_skeptical P=0.86 {"三段_事件":false,"三段_声称":false,"三段_机械":false,"Range":false,"P行":true,"结算泄漏":false,"runId":true}
  v3_baserate P=0.58 {"三段_事件":false,"三段_声称":false,"三段_机械":false,"Range":false,"P行":true,"结算泄漏":false,"runId":true}
=== pred#101(structural) status=200 errors=0
  v1_evidence P=0.4 {"三段_事件":false,"三段_声称":false,"三段_机械":false,"Range":false,"P行":true,"结算泄漏":false,"runId":true}
  v2_skeptical P=0.3 {"三段_事件":false,"三段_声称":false,"三段_机械":false,"Range":false,"P行":true,"结算泄漏":false,"runId":true}
  v3_baserate P=0.58 {"三段_事件":false,"三段_声称":false,"三段_机械":false,"Range":false,"P行":true,"结算泄漏":false,"runId":true}
=== pred#93(proc_calc) status=200 errors=0
  v1_evidence P=0.45 {"三段_事件":false,"三段_声称":false,"三段_机械":false,"Range":false,"P行":true,"结算泄漏":false,"runId":true}
  v2_skeptical P=0.38 {"三段_事件":false,"三段_声称":false,"三段_机械":false,"Range":false,"P行":true,"结算泄漏":false,"runId":true}
  v3_baserate P=0.55 {"三段_事件":false,"三段_声称":false,"三段_机械":false,"Range":false,"P行":true,"结算泄漏":false,"runId":true}
